Component: ARM Compiler 5.05 update 1 (build 106) Tool: armlink [4d0efa]

==============================================================================

Section Cross References

    main.o(i.SystemConfiguration) refers to misc.o(i.NVIC_PriorityGroupConfig) for NVIC_PriorityGroupConfig
    main.o(i.SystemConfiguration) refers to delay.o(i.delay_init) for delay_init
    main.o(i.SystemConfiguration) refers to gpio.o(i.GPIO_init) for GPIO_init
    main.o(i.SystemConfiguration) refers to usart.o(i.UART_Init) for UART_Init
    main.o(i.SystemConfiguration) refers to timer.o(i.TIM_Init) for TIM_Init
    main.o(i.SystemConfiguration) refers to stmflash.o(i.My_Flash_Read) for My_Flash_Read
    main.o(i.SystemConfiguration) refers to malloc.o(i.mymem_init) for mymem_init
    main.o(i.SystemConfiguration) refers to exfuns.o(i.exfuns_init) for exfuns_init
    main.o(i.SystemConfiguration) refers to sdio_sdcard.o(i.SD_Card_Init) for SD_Card_Init
    main.o(i.SystemConfiguration) refers to lan8720.o(i.ETH_Mem_Malloc) for ETH_Mem_Malloc
    main.o(i.SystemConfiguration) refers to lwip_comm.o(i.lwip_comm_mem_malloc) for lwip_comm_mem_malloc
    main.o(i.SystemConfiguration) refers to lan8720.o(i.LAN8720_Init) for LAN8720_Init
    main.o(i.SystemConfiguration) refers to delay.o(i.delay_ms) for delay_ms
    main.o(i.SystemConfiguration) refers to lwip_comm.o(i.LWIP_Init) for LWIP_Init
    main.o(i.SystemConfiguration) refers to ads1258.o(i.ads1258_Init) for ads1258_Init
    main.o(i.SystemConfiguration) refers to rtc.o(i.My_RTC_Init) for My_RTC_Init
    main.o(i.SystemConfiguration) refers to rtc.o(i.RTC_Set_WakeUp) for RTC_Set_WakeUp
    main.o(i.SystemConfiguration) refers to rtc.o(i.RTC_Set_AlarmA) for RTC_Set_AlarmA
    main.o(i.SystemConfiguration) refers to lcd12864.o(i.lcd12864_GPIO_Init) for lcd12864_GPIO_Init
    main.o(i.SystemConfiguration) refers to lcd12864.o(i.LCD_Init) for LCD_Init
    main.o(i.SystemConfiguration) refers to usbh_usr.o(i.USB_Init) for USB_Init
    main.o(i.main) refers to main.o(i.SystemConfiguration) for SystemConfiguration
    main.o(i.main) refers to usbh_core.o(i.USBH_Process) for USBH_Process
    main.o(i.main) refers to initstate.o(i.get_InitState) for get_InitState
    main.o(i.main) refers to exti.o(i.get_Save_Flag) for get_Save_Flag
    main.o(i.main) refers to exti.o(i.set_Save_Flag) for set_Save_Flag
    main.o(i.main) refers to ads1258.o(i.Save_AD_RawData_USB) for Save_AD_RawData_USB
    main.o(i.main) refers to ads1258.o(i.Save_AD_RawData_SD) for Save_AD_RawData_SD
    main.o(i.main) refers to lwip_comm.o(i.lwip_periodic_handle) for lwip_periodic_handle
    main.o(i.main) refers to main.o(.bss) for USB_Host
    system_stm32f4xx.o(i.SystemCoreClockUpdate) refers to system_stm32f4xx.o(.data) for SystemCoreClock
    system_stm32f4xx.o(i.SystemInit) refers to system_stm32f4xx.o(i.SetSysClock) for SetSysClock
    startup_stm32f40_41xxx.o(RESET) refers to startup_stm32f40_41xxx.o(STACK) for __initial_sp
    startup_stm32f40_41xxx.o(RESET) refers to startup_stm32f40_41xxx.o(.text) for Reset_Handler
    startup_stm32f40_41xxx.o(RESET) refers to stm32f4xx_it.o(i.NMI_Handler) for NMI_Handler
    startup_stm32f40_41xxx.o(RESET) refers to stm32f4xx_it.o(i.HardFault_Handler) for HardFault_Handler
    startup_stm32f40_41xxx.o(RESET) refers to stm32f4xx_it.o(i.MemManage_Handler) for MemManage_Handler
    startup_stm32f40_41xxx.o(RESET) refers to stm32f4xx_it.o(i.BusFault_Handler) for BusFault_Handler
    startup_stm32f40_41xxx.o(RESET) refers to stm32f4xx_it.o(i.UsageFault_Handler) for UsageFault_Handler
    startup_stm32f40_41xxx.o(RESET) refers to stm32f4xx_it.o(i.SVC_Handler) for SVC_Handler
    startup_stm32f40_41xxx.o(RESET) refers to stm32f4xx_it.o(i.DebugMon_Handler) for DebugMon_Handler
    startup_stm32f40_41xxx.o(RESET) refers to stm32f4xx_it.o(i.PendSV_Handler) for PendSV_Handler
    startup_stm32f40_41xxx.o(RESET) refers to rtc.o(i.RTC_WKUP_IRQHandler) for RTC_WKUP_IRQHandler
    startup_stm32f40_41xxx.o(RESET) refers to exti.o(i.EXTI9_5_IRQHandler) for EXTI9_5_IRQHandler
    startup_stm32f40_41xxx.o(RESET) refers to timer.o(i.TIM2_IRQHandler) for TIM2_IRQHandler
    startup_stm32f40_41xxx.o(RESET) refers to timer.o(i.TIM3_IRQHandler) for TIM3_IRQHandler
    startup_stm32f40_41xxx.o(RESET) refers to timer.o(i.TIM4_IRQHandler) for TIM4_IRQHandler
    startup_stm32f40_41xxx.o(RESET) refers to spi.o(i.SPI2_IRQHandler) for SPI2_IRQHandler
    startup_stm32f40_41xxx.o(RESET) refers to usart.o(i.USART1_IRQHandler) for USART1_IRQHandler
    startup_stm32f40_41xxx.o(RESET) refers to usart.o(i.USART2_IRQHandler) for USART2_IRQHandler
    startup_stm32f40_41xxx.o(RESET) refers to usart.o(i.USART3_IRQHandler) for USART3_IRQHandler
    startup_stm32f40_41xxx.o(RESET) refers to rtc.o(i.RTC_Alarm_IRQHandler) for RTC_Alarm_IRQHandler
    startup_stm32f40_41xxx.o(RESET) refers to timer.o(i.TIM8_TRG_COM_TIM14_IRQHandler) for TIM8_TRG_COM_TIM14_IRQHandler
[...]
    ip_addr_any                              0x0805d6ec   Data           4  ip_addr.o(.constdata)
    ip_addr_broadcast                        0x0805d6f0   Data           4  ip_addr.o(.constdata)
    ethbroadcast                             0x0805d6f4   Data           6  etharp.o(.constdata)
    ethzero                                  0x0805d6fa   Data           6  etharp.o(.constdata)
    __ctype_categories                       0x0805d700   Data          64  ctype_c.o(.constdata)
    Region$$Table$$Base                      0x0805d94c   Number         0  anon$$obj.o(Region$$Table)
    Region$$Table$$Limit                     0x0805d96c   Number         0  anon$$obj.o(Region$$Table)
    mem3base                                 0x10000000   Data       61440  malloc.o(.ARM.__AT_0x10000000)
    mem3mapbase                              0x1000f000   Data        3840  malloc.o(.ARM.__AT_0x1000F000)
    SystemCoreClock                          0x20000000   Data           4  system_stm32f4xx.o(.data)
    AHBPrescTable                            0x20000004   Data          16  system_stm32f4xx.o(.data)
    Date_Now_SD                              0x20000014   Data           4  ads1258.o(.data)
    Date_Now_USB                             0x20000018   Data           4  ads1258.o(.data)
    SavePosition                             0x2000001c   Data           4  ads1258.o(.data)
    __stdout                                 0x20000034   Data           4  usart.o(.data)
    mallco_dev                               0x20000038   Data          36  malloc.o(.data)
    TransferError                            0x20000066   Data           1  sdio_sdcard.o(.data)
    TransferEnd                              0x20000067   Data           1  sdio_sdcard.o(.data)
    tempbuff                                 0x20000068   Data           4  sdio_sdcard.o(.data)
    DMARxDscrTab                             0x2000006c   Data           4  lan8720.o(.data)
    DMATxDscrTab                             0x20000070   Data           4  lan8720.o(.data)
    Rx_Buff                                  0x20000074   Data           4  lan8720.o(.data)
    Tx_Buff                                  0x20000078   Data           4  lan8720.o(.data)
    time_10us                                0x2000007c   Data           4  timer.o(.data)
    time_s                                   0x20000080   Data           4  timer.o(.data)
    sample_time                              0x20000084   Data           4  timer.o(.data)
    Sign_Flag                                0x20000088   Data           1  timer.o(.data)
    Count                                    0x2000008c   Data           4  exti.o(.data)
    NVIC_InitStructure                       0x20000098   Data           4  rtc.o(.data)
    sd_Init_State                            0x2000009c   Data           1  initstate.o(.data)
    eth_Init_State                           0x2000009d   Data           1  initstate.o(.data)
    usb_Init_State                           0x2000009e   Data           1  initstate.o(.data)
    FLASH_SECTOR_COUNT                       0x200000a4   Data           2  diskio.o(.data)
    file                                     0x200000a8   Data           4  exfuns.o(.data)
    ftemp                                    0x200000ac   Data           4  exfuns.o(.data)
    br                                       0x200000b0   Data           4  exfuns.o(.data)
    bw                                       0x200000b4   Data           4  exfuns.o(.data)
    fatbuf                                   0x200000b8   Data           4  exfuns.o(.data)
    DMATxDescToSet                           0x200000bc   Data           4  stm32f4x7_eth.o(.data)
    DMARxDescToGet                           0x200000c0   Data           4  stm32f4x7_eth.o(.data)
    DMA_RX_FRAME_infos                       0x200000c4   Data           4  stm32f4x7_eth.o(.data)
    Frame_Rx_index                           0x200000c8   Data           4  stm32f4x7_eth.o(.data)
    TCPTimer                                 0x200000dc   Data           4  lwip_comm.o(.data)
    ARPTimer                                 0x200000e0   Data           4  lwip_comm.o(.data)
    lwip_localtime                           0x200000e4   Data           4  lwip_comm.o(.data)
    DHCPfineTimer                            0x200000e8   Data           4  lwip_comm.o(.data)
    DHCPcoarseTimer                          0x200000ec   Data           4  lwip_comm.o(.data)
    tcp_client_flag                          0x200000f0   Data           1  tcp_client_demo.o(.data)
    tcppcb                                   0x200000f4   Data           4  tcp_client_demo.o(.data)
    g_pcSSIExtensions                        0x200000f8   Data          16  httpd.o(.data)
    g_pfnSSIHandler                          0x20000108   Data           4  httpd.o(.data)
    g_iNumTags                               0x2000010c   Data           4  httpd.o(.data)
    g_ppcTags                                0x20000110   Data           4  httpd.o(.data)
    g_pCGIs                                  0x20000114   Data           4  httpd.o(.data)
    g_iNumCGIs                               0x20000118   Data           4  httpd.o(.data)
    ram_heap                                 0x20000120   Data           4  mem.o(.data)
    memp_memory                              0x20000130   Data           4  memp.o(.data)
    netif_list                               0x20000134   Data           4  netif.o(.data)
    netif_default                            0x20000138   Data           4  netif.o(.data)
    tcp_ticks                                0x20000148   Data           4  tcp.o(.data)
    tcp_bound_pcbs                           0x2000014c   Data           4  tcp.o(.data)
    tcp_listen_pcbs                          0x20000150   Data           4  tcp.o(.data)
    tcp_active_pcbs                          0x20000154   Data           4  tcp.o(.data)
    tcp_tw_pcbs                              0x20000158   Data           4  tcp.o(.data)
    tcp_tmp_pcb                              0x2000015c   Data           4  tcp.o(.data)
    tcp_active_pcbs_changed                  0x20000160   Data           1  tcp.o(.data)
    tcp_input_pcb                            0x20000184   Data           4  tcp_in.o(.data)
    udp_pcbs                                 0x20000198   Data           4  udp.o(.data)
    current_netif                            0x2000019c   Data           4  ip.o(.data)
    current_header                           0x200001a0   Data           4  ip.o(.data)
    current_iphdr_src                        0x200001a4   Data           4  ip.o(.data)
    current_iphdr_dest                       0x200001a8   Data           4  ip.o(.data)
    USBH_HCD_INT_cb                          0x200001b8   Data          12  usbh_core.o(.data)
    USBH_HCD_INT_fops                        0x200001c4   Data           4  usbh_core.o(.data)
    MSC_Setup                                0x200001e4   Data           8  usbh_msc_core.o(.data)
    MSCErrorCount                            0x200001ec   Data           1  usbh_msc_core.o(.data)
    USBH_MSC_cb                              0x200001f0   Data          16  usbh_msc_core.o(.data)
    USR_Callbacks                            0x20000208   Data          72  usbh_usr.o(.data)
    USB_Host                                 0x20000250   Data         132  main.o(.bss)
    USB_OTG_Core                             0x200002d4   Data        1452  main.o(.bss)
    ad_Data                                  0x20000880   Data          64  ads1258.o(.bss)
    FileName                                 0x20000a35   Data          30  ads1258.o(.bss)
    mem1base                                 0x20000d54   Data       102400  malloc.o(.bss)
    mem1mapbase                              0x20019d54   Data        6400  malloc.o(.bss)
    SDIO_InitStructure                       0x2001b658   Data          24  sdio_sdcard.o(.bss)
    SDIO_CmdInitStructure                    0x2001b670   Data          20  sdio_sdcard.o(.bss)
    SDIO_DataInitStructure                   0x2001b684   Data          24  sdio_sdcard.o(.bss)
    SDCardInfo                               0x2001b6c0   Data          88  sdio_sdcard.o(.bss)
    SDIO_DATA_BUFFER                         0x2001b718   Data         512  sdio_sdcard.o(.bss)
    fs                                       0x2001b968   Data          12  exfuns.o(.bss)
    fileinfo                                 0x2001b974   Data          32  exfuns.o(.bss)
    dir                                      0x2001b994   Data          36  exfuns.o(.bss)
    RX_Frame_Descriptor                      0x2001b9b8   Data          12  stm32f4x7_eth.o(.bss)
    lwipdev                                  0x2001b9c4   Data          23  lwip_comm.o(.bss)
    lwip_netif                               0x2001b9dc   Data          52  lwip_comm.o(.bss)
    tcp_client_recvbuf                       0x2001ba10   Data         200  tcp_client_demo.o(.bss)
    tcp_client_sendbuf                       0x2001bad8   Data         800  tcp_client_demo.o(.bss)
    fs_memory                                0x2001bdf8   Data         240  fs.o(.bss)
    dhcp_rx_options_val                      0x2001c2e8   Data          40  dhcp.o(.bss)
    dhcp_rx_options_given                    0x2001c310   Data          10  dhcp.o(.bss)
    USBH_CfgDesc                             0x2001c41c   Data         512  usbh_stdreq.o(.bss)
    USBH_MSC_CBWData                         0x2001c61c   Data          32  usbh_msc_bot.o(.bss)
    USBH_MSC_CSWData                         0x2001c63c   Data          16  usbh_msc_bot.o(.bss)
    USBH_MSC_BOTXferParam                    0x2001c64c   Data          16  usbh_msc_bot.o(.bss)
    MSC_Machine                              0x2001c65c   Data          74  usbh_msc_core.o(.bss)
    USBH_MSC_Param                           0x2001c6a8   Data          16  usbh_msc_scsi.o(.bss)
    USBH_DataInBuffer                        0x2001c6b8   Data         512  usbh_msc_scsi.o(.bss)
    USBH_DataOutBuffer                       0x2001c8b8   Data         512  usbh_msc_scsi.o(.bss)
    __initial_sp                             0x2001ceb8   Data           0  startup_stm32f40_41xxx.o(STACK)
    mem2base                                 0x68000000   Data       204800  malloc.o(.ARM.__AT_0x68000000)
    mem2mapbase                              0x68032000   Data       12800  malloc.o(.ARM.__AT_0x68032000)



==============================================================================

Memory Map of the image

  Image Entry point : 0x08000189

  Load Region LR_IROM1 (Base: 0x08000000, Size: 0x0005dbbc, Max: 0x00080000, ABSOLUTE, COMPRESSED[0x0005da28])

    Execution Region ER_IROM1 (Base: 0x08000000, Size: 0x0005d96c, Max: 0x00080000, ABSOLUTE)

    Base Addr    Size         Type   Attr      Idx    E Section Name        Object

    0x08000000   0x00000188   Data   RO          416    RESET               startup_stm32f40_41xxx.o
    0x08000188   0x00000000   Code   RO        10349  * .ARM.Collect$$$$00000000  mc_w.l(entry.o)
    0x08000188   0x00000004   Code   RO        10645    .ARM.Collect$$$$00000001  mc_w.l(entry2.o)
    0x0800018c   0x00000004   Code   RO        10648    .ARM.Collect$$$$00000004  mc_w.l(entry5.o)
    0x08000190   0x00000000   Code   RO        10650    .ARM.Collect$$$$00000008  mc_w.l(entry7b.o)
    0x08000190   0x00000000   Code   RO        10652    .ARM.Collect$$$$0000000A  mc_w.l(entry8b.o)
    0x08000190   0x00000008   Code   RO        10653    .ARM.Collect$$$$0000000B  mc_w.l(entry9a.o)
    0x08000198   0x00000000   Code   RO        10655    .ARM.Collect$$$$0000000D  mc_w.l(entry10a.o)
    0x08000198   0x00000000   Code   RO        10657    .ARM.Collect$$$$0000000F  mc_w.l(entry11a.o)
    0x08000198   0x00000004   Code   RO        10646    .ARM.Collect$$$$00002712  mc_w.l(entry2.o)
    0x0800019c   0x00000010   Code   RO          641    .emb_text           sys.o
    0x080001ac   0x00000024   Code   RO          417    .text               startup_stm32f40_41xxx.o
    0x080001d0   0x00000062   Code   RO        10352    .text               mc_w.l(ldiv.o)
    0x08000232   0x00000024   Code   RO        10354    .text               mc_w.l(memcpya.o)
    0x08000256   0x00000024   Code   RO        10356    .text               mc_w.l(memseta.o)
    0x0800027a   0x00000018   Code   RO        10358    .text               mc_w.l(strcat.o)
    0x08000292   0x00000024   Code   RO        10360    .text               mc_w.l(strstr.o)
    0x080002b6   0x00000018   Code   RO        10362    .text               mc_w.l(strncpy.o)
    0x080002ce   0x00000014   Code   RO        10364    .text               mc_w.l(strchr.o)
    0x080002e2   0x0000000e   Code   RO        10366    .text               mc_w.l(strlen.o)
    0x080002f0   0x0000001c   Code   RO        10368    .text               mc_w.l(strcmp.o)
    0x0800030c   0x0000001a   Code   RO        10370    .text               mc_w.l(memcmp.o)
    0x08000326   0x0000001e   Code   RO        10374    .text               mc_w.l(strncmp.o)
    0x08000344   0x00000038   Code   RO        10639    .text               mc_w.l(__0sscanf.o)
    0x0800037c   0x0000014c   Code   RO        10641    .text               mc_w.l(_scanf_int.o)
    0x080004c8   0x000000e0   Code   RO        10643    .text               mc_w.l(_scanf_str.o)
    0x080005a8   0x00000062   Code   RO        10661    .text               mc_w.l(uldiv.o)
    0x0800060a   0x0000001c   Code   RO        10663    .text               mc_w.l(_chval.o)
    0x08000626   0x00000002   PAD
    0x08000628   0x00000028   Code   RO        10665    .text               mc_w.l(scanf_char.o)
    0x08000650   0x00000040   Code   RO        10667    .text               mc_w.l(_sgetc.o)
    0x08000690   0x00000024   Code   RO        10680    .text               mc_w.l(init.o)
    0x080006b4   0x0000001e   Code   RO        10682    .text               mc_w.l(llshl.o)
    0x080006d2   0x00000020   Code   RO        10684    .text               mc_w.l(llushr.o)
    0x080006f2   0x0000000a   Code   RO        10688    .text               mc_w.l(isspace_c.o)
    0x080006fc   0x0000032c   Code   RO        10690    .text               mc_w.l(_scanf.o)
    0x08000a28   0x00000028   Code   RO        10694    .text               mc_w.l(ctype_c.o)
    0x08000a50   0x00000056   Code   RO        10705    .text               mc_w.l(__dczerorl2.o)
    0x08000aa6   0x00000004   Code   RO          285    i.BusFault_Handler  stm32f4xx_it.o
    0x08000aaa   0x00000030   Code   RO          857    i.CmdError          sdio_sdcard.o
    0x08000ada   0x00000002   PAD
    0x08000adc   0x00000064   Code   RO          858    i.CmdResp1Error     sdio_sdcard.o
    0x08000b40   0x00000054   Code   RO          859    i.CmdResp2Error     sdio_sdcard.o
    0x08000b94   0x00000038   Code   RO          860    i.CmdResp3Error     sdio_sdcard.o
    0x08000bcc   0x00000094   Code   RO          861    i.CmdResp6Error     sdio_sdcard.o
    0x08000c60   0x0000004c   Code   RO          862    i.CmdResp7Error     sdio_sdcard.o
    0x08000cac   0x00000016   Code   RO         3959    i.DMA_Cmd           stm32f4xx_dma.o
    0x08000cc2   0x00000002   PAD
    0x08000cc4   0x00000158   Code   RO         3960    i.DMA_DeInit        stm32f4xx_dma.o
    0x08000e1c   0x00000016   Code   RO         3963    i.DMA_FlowControllerConfig  stm32f4xx_dma.o
    0x08000e32   0x00000014   Code   RO         3964    i.DMA_GetCmdStatus  stm32f4xx_dma.o
    0x08000e46   0x00000002   PAD
    0x08000e48   0x00000058   Code   RO         3971    i.DMA_Init          stm32f4xx_dma.o
    0x08000ea0   0x0000005c   Code   RO         1662    i.DataPort_Write    lcd12864.o
    0x08000efc   0x00000002   Code   RO          286    i.DebugMon_Handler  stm32f4xx_it.o
    0x08000efe   0x00000020   Code   RO         1098    i.ETHERNET_NVICConfiguration  lan8720.o
    0x08000f1e   0x00000002   PAD
    0x08000f20   0x0000000c   Code   RO         2398    i.ETH_DMAClearITPendingBit  stm32f4x7_eth.o
    0x08000f2c   0x00000020   Code   RO         2399    i.ETH_DMAITConfig   stm32f4x7_eth.o
    0x08000f4c   0x00000024   Code   RO         2400    i.ETH_DMAReceptionCmd  stm32f4x7_eth.o
    0x08000f70   0x00000064   Code   RO         2401    i.ETH_DMARxDescChainInit  stm32f4x7_eth.o
    0x08000fd4   0x00000024   Code   RO         2403    i.ETH_DMATransmissionCmd  stm32f4x7_eth.o
    0x08000ff8   0x00000050   Code   RO         2406    i.ETH_DMATxDescChainInit  stm32f4x7_eth.o
    0x08001048   0x00000008   Code   RO         2407    i.ETH_DMATxDescChecksumInsertionConfig  stm32f4x7_eth.o
    0x08001050   0x00000016   Code   RO         2412    i.ETH_DeInit        stm32f4x7_eth.o
    0x08001066   0x0000001c   Code   RO         2413    i.ETH_Delay         stm32f4x7_eth.o
    0x08001082   0x00000002   PAD
    0x08001084   0x00000014   Code   RO         2415    i.ETH_FlushTransmitFIFO  stm32f4x7_eth.o
    0x08001098   0x0000000c   Code   RO         1099    i.ETH_GetCurrentTxBuffer  lan8720.o
    0x080010a4   0x0000000a   Code   RO         2427    i.ETH_GetDMARxDescFrameLength  stm32f4x7_eth.o
    0x080010ae   0x0000002a   Code   RO         2440    i.ETH_GetRxPktSize  stm32f4x7_eth.o
    0x080010d8   0x00000018   Code   RO         2441    i.ETH_GetSoftwareResetStatus  stm32f4x7_eth.o
    0x080010f0   0x00000028   Code   RO         1100    i.ETH_IRQHandler    lan8720.o
    0x08001118   0x00000298   Code   RO         2446    i.ETH_Init          stm32f4x7_eth.o
    0x080013b0   0x00000034   Code   RO         2448    i.ETH_MACAddressConfig  stm32f4x7_eth.o
    0x080013e4   0x0000008c   Code   RO         1101    i.ETH_MACDMA_Config  lan8720.o
    0x08001470   0x00000024   Code   RO         2453    i.ETH_MACReceptionCmd  stm32f4x7_eth.o
    0x08001494   0x00000024   Code   RO         2454    i.ETH_MACTransmissionCmd  stm32f4x7_eth.o
    0x080014b8   0x0000003c   Code   RO         1102    i.ETH_Mem_Free      lan8720.o
    0x080014f4   0x0000006c   Code   RO         1103    i.ETH_Mem_Malloc    lan8720.o
    0x08001560   0x0000006c   Code   RO         2466    i.ETH_ReadPHYRegister  stm32f4x7_eth.o
    0x080015cc   0x0000009c   Code   RO         1104    i.ETH_Rx_Packet     lan8720.o
    0x08001668   0x00000014   Code   RO         2474    i.ETH_SoftwareReset  stm32f4x7_eth.o
    0x0800167c   0x00000020   Code   RO         2475    i.ETH_Start         stm32f4x7_eth.o
    0x0800169c   0x000000b2   Code   RO         2476    i.ETH_StructInit    stm32f4x7_eth.o
    0x0800174e   0x00000002   PAD
    0x08001750   0x00000068   Code   RO         1105    i.ETH_Tx_Packet     lan8720.o
    0x080017b8   0x00000068   Code   RO         2478    i.ETH_WritePHYRegister  stm32f4x7_eth.o
    0x08001820   0x0000008c   Code   RO         1321    i.EXTI9_5_IRQHandler  exti.o
    0x080018ac   0x0000000c   Code   RO         4090    i.EXTI_ClearITPendingBit  stm32f4xx_exti.o
    0x080018b8   0x00000080   Code   RO         1322    i.EXTI_Configuration  exti.o
    0x08001938   0x00000028   Code   RO         4094    i.EXTI_GetITStatus  stm32f4xx_exti.o
    0x08001960   0x00000094   Code   RO         4095    i.EXTI_Init         stm32f4xx_exti.o
    0x080019f4   0x00000080   Code   RO         1323    i.EXTI_Sign_Configuration  exti.o
    0x08001a74   0x00000024   Code   RO         4156    i.FLASH_DataCacheCmd  stm32f4xx_flash.o
    0x08001a98   0x00000088   Code   RO         4159    i.FLASH_EraseSector  stm32f4xx_flash.o
    0x08001b20   0x00000048   Code   RO         4161    i.FLASH_GetStatus   stm32f4xx_flash.o
    0x08001b68   0x00000014   Code   RO         4165    i.FLASH_Lock        stm32f4xx_flash.o
    0x08001b7c   0x00000050   Code   RO         4181    i.FLASH_ProgramWord  stm32f4xx_flash.o
    0x08001bcc   0x00000024   Code   RO         4183    i.FLASH_Unlock      stm32f4xx_flash.o
    0x08001bf0   0x00000022   Code   RO         4184    i.FLASH_WaitForLastOperation  stm32f4xx_flash.o
    0x08001c12   0x00000002   PAD
    0x08001c14   0x00000194   Code   RO          863    i.FindSCR           sdio_sdcard.o
    0x08001da8   0x00000090   Code   RO         4486    i.GPIO_Init         stm32f4xx_gpio.o
    0x08001e38   0x00000046   Code   RO         4487    i.GPIO_PinAFConfig  stm32f4xx_gpio.o
    0x08001e7e   0x00000002   PAD
    0x08001e80   0x00000150   Code   RO         1448    i.GPIO_init         gpio.o
    0x08001fd0   0x0000000a   Code   RO         9556    i.HCD_GetCurrentFrame  usb_hcd.o
    0x08001fda   0x00000014   Code   RO         9557    i.HCD_GetCurrentSpeed  usb_hcd.o
    0x08001fee   0x0000000a   Code   RO         9559    i.HCD_GetURB_State  usb_hcd.o
    0x08001ff8   0x0000000c   Code   RO         9560    i.HCD_GetXferCnt    usb_hcd.o
    0x08002004   0x00000060   Code   RO         9562    i.HCD_Init          usb_hcd.o
    0x08002064   0x00000008   Code   RO         9563    i.HCD_IsDeviceConnected  usb_hcd.o
    0x0800206c   0x0000000e   Code   RO         9564    i.HCD_ResetPort     usb_hcd.o
    0x0800207a   0x00000020   Code   RO         9565    i.HCD_SubmitRequest  usb_hcd.o
    0x0800209a   0x00000004   Code   RO          287    i.HardFault_Handler  stm32f4xx_it.o
    0x0800209e   0x00000002   PAD
    0x080020a0   0x000000a0   Code   RO          864    i.IsCardProgramming  sdio_sdcard.o
    0x08002140   0x00000012   Code   RO         1106    i.LAN8720_Get_Speed  lan8720.o
    0x08002152   0x00000002   PAD
    0x08002154   0x0000012c   Code   RO         1107    i.LAN8720_Init      lan8720.o
    0x08002280   0x000001e4   Code   RO         1663    i.LCD_Init          lcd12864.o
    0x08002464   0x0000000c   Code   RO         1664    i.LCD_Proc_10us     lcd12864.o
    0x08002470   0x0000005c   Code   RO         1665    i.LCD_Proc_5ms      lcd12864.o
    0x080024cc   0x000001b4   Code   RO         7079    i.LWIP_Init         lwip_comm.o
    0x08002680   0x00000004   Code   RO          288    i.MemManage_Handler  stm32f4xx_it.o
    0x08002684   0x00000038   Code   RO         1472    i.My_Flash_Read     stmflash.o
    0x080026bc   0x0000008c   Code   RO         1385    i.My_RTC_Init       rtc.o
    0x08002748   0x00000002   Code   RO          289    i.NMI_Handler       stm32f4xx_it.o
    0x0800274a   0x00000002   PAD
    0x0800274c   0x00000078   Code   RO         2927    i.NVIC_Init         misc.o
    0x080027c4   0x00000014   Code   RO         2928    i.NVIC_PriorityGroupConfig  misc.o
    0x080027d8   0x00000010   Code   RO        10122    i.OTG_FS_IRQHandler  usbh_usr.o
    0x080027e8   0x0000000c   Code   RO         5037    i.PWR_BackupAccessCmd  stm32f4xx_pwr.o
    0x080027f4   0x00000002   Code   RO          290    i.PendSV_Handler    stm32f4xx_it.o
    0x080027f6   0x00000002   PAD
    0x080027f8   0x00000020   Code   RO         5127    i.RCC_AHB1PeriphClockCmd  stm32f4xx_rcc.o
    0x08002818   0x00000020   Code   RO         5129    i.RCC_AHB1PeriphResetCmd  stm32f4xx_rcc.o
    0x08002838   0x00000020   Code   RO         5130    i.RCC_AHB2PeriphClockCmd  stm32f4xx_rcc.o
    0x08002858   0x00000020   Code   RO         5136    i.RCC_APB1PeriphClockCmd  stm32f4xx_rcc.o
    0x08002878   0x00000020   Code   RO         5138    i.RCC_APB1PeriphResetCmd  stm32f4xx_rcc.o
    0x08002898   0x00000020   Code   RO         5139    i.RCC_APB2PeriphClockCmd  stm32f4xx_rcc.o
    0x080028b8   0x00000020   Code   RO         5141    i.RCC_APB2PeriphResetCmd  stm32f4xx_rcc.o
    0x080028d8   0x000000e8   Code   RO         5148    i.RCC_GetClocksFreq  stm32f4xx_rcc.o
    0x080029c0   0x00000040   Code   RO         5149    i.RCC_GetFlagStatus  stm32f4xx_rcc.o
    0x08002a00   0x0000002c   Code   RO         5157    i.RCC_LSEConfig     stm32f4xx_rcc.o
    0x08002a2c   0x0000000c   Code   RO         5167    i.RCC_RTCCLKCmd     stm32f4xx_rcc.o
    0x08002a38   0x0000003c   Code   RO         5168    i.RCC_RTCCLKConfig  stm32f4xx_rcc.o
    0x08002a74   0x00000074   Code   RO         5477    i.RTC_AlarmCmd      stm32f4xx_rtc.o
    0x08002ae8   0x0000001e   Code   RO         1386    i.RTC_Alarm_IRQHandler  rtc.o
    0x08002b06   0x00000016   Code   RO         5480    i.RTC_Bcd2ToByte    stm32f4xx_rtc.o
    0x08002b1c   0x0000001c   Code   RO         5482    i.RTC_ByteToBcd2    stm32f4xx_rtc.o
    0x08002b38   0x0000001c   Code   RO         5485    i.RTC_ClearFlag     stm32f4xx_rtc.o
    0x08002b54   0x00000020   Code   RO         5486    i.RTC_ClearITPendingBit  stm32f4xx_rtc.o
    0x08002b74   0x00000050   Code   RO         5492    i.RTC_EnterInitMode  stm32f4xx_rtc.o
    0x08002bc4   0x00000014   Code   RO         5493    i.RTC_ExitInitMode  stm32f4xx_rtc.o
    0x08002bd8   0x00000028   Code   RO         5497    i.RTC_GetFlagStatus  stm32f4xx_rtc.o
    0x08002c00   0x00000050   Code   RO         5501    i.RTC_GetTime       stm32f4xx_rtc.o
    0x08002c50   0x00000064   Code   RO         5505    i.RTC_ITConfig      stm32f4xx_rtc.o
    0x08002cb4   0x00000064   Code   RO         5506    i.RTC_Init          stm32f4xx_rtc.o
    0x08002d18   0x00000020   Code   RO         5509    i.RTC_ReadBackupRegister  stm32f4xx_rtc.o
    0x08002d38   0x000000ec   Code   RO         5511    i.RTC_SetAlarm      stm32f4xx_rtc.o
    0x08002e24   0x000000c8   Code   RO         5512    i.RTC_SetDate       stm32f4xx_rtc.o
    0x08002eec   0x000000d0   Code   RO         5513    i.RTC_SetTime       stm32f4xx_rtc.o
    0x08002fbc   0x0000001c   Code   RO         5514    i.RTC_SetWakeUpCounter  stm32f4xx_rtc.o
    0x08002fd8   0x000000a4   Code   RO         1387    i.RTC_Set_AlarmA    rtc.o
    0x0800307c   0x00000024   Code   RO         1388    i.RTC_Set_Date      rtc.o
    0x080030a0   0x00000024   Code   RO         1389    i.RTC_Set_Time      rtc.o
    0x080030c4   0x00000070   Code   RO         1390    i.RTC_Set_WakeUp    rtc.o
    0x08003134   0x0000002c   Code   RO         1391    i.RTC_WKUP_IRQHandler  rtc.o
    0x08003160   0x00000060   Code   RO         5529    i.RTC_WaitForSynchro  stm32f4xx_rtc.o
    0x080031c0   0x00000030   Code   RO         5530    i.RTC_WakeUpClockConfig  stm32f4xx_rtc.o
    0x080031f0   0x00000078   Code   RO         5531    i.RTC_WakeUpCmd     stm32f4xx_rtc.o
    0x08003268   0x0000001c   Code   RO         5532    i.RTC_WriteBackupRegister  stm32f4xx_rtc.o
    0x08003284   0x000000ac   Code   RO          865    i.SDEnWideBus       sdio_sdcard.o
    0x08003330   0x0000000c   Code   RO         5836    i.SDIO_ClearFlag    stm32f4xx_sdio.o
    0x0800333c   0x00000014   Code   RO          866    i.SDIO_Clock_Set    sdio_sdcard.o
    0x08003350   0x00000034   Code   RO         5842    i.SDIO_DataConfig   stm32f4xx_sdio.o
    0x08003384   0x00000018   Code   RO         5848    i.SDIO_GetFlagStatus  stm32f4xx_sdio.o
    0x0800339c   0x00000010   Code   RO         5850    i.SDIO_GetPowerState  stm32f4xx_sdio.o
    0x080033ac   0x00000008   Code   RO          867    i.SDIO_IRQHandler   sdio_sdcard.o
    0x080033b4   0x00000030   Code   RO         5853    i.SDIO_Init         stm32f4xx_sdio.o
    0x080033e4   0x00000038   Code   RO          868    i.SDIO_Register_Deinit  sdio_sdcard.o
    0x0800341c   0x0000002c   Code   RO         5856    i.SDIO_SendCommand  stm32f4xx_sdio.o
    0x08003448   0x0000000c   Code   RO         5858    i.SDIO_SetPowerState  stm32f4xx_sdio.o
    0x08003454   0x0000001e   Code   RO          869    i.SD_Card_Init      sdio_sdcard.o
    0x08003472   0x00000002   PAD
    0x08003474   0x00000080   Code   RO          870    i.SD_DMA_Config     sdio_sdcard.o
    0x080034f4   0x00000068   Code   RO          871    i.SD_EnableWideBusOperation  sdio_sdcard.o
    0x0800355c   0x00000314   Code   RO          872    i.SD_GetCardInfo    sdio_sdcard.o
    0x08003870   0x0000001a   Code   RO          873    i.SD_GetState       sdio_sdcard.o
    0x0800388a   0x00000002   PAD
    0x0800388c   0x00000130   Code   RO          874    i.SD_Init           sdio_sdcard.o
    0x080039bc   0x00000164   Code   RO          875    i.SD_InitializeCards  sdio_sdcard.o
    0x08003b20   0x000001e4   Code   RO          877    i.SD_PowerON        sdio_sdcard.o
    0x08003d04   0x00000154   Code   RO          878    i.SD_ProcessIRQSrc  sdio_sdcard.o
    0x08003e58   0x00000268   Code   RO          879    i.SD_ReadBlock      sdio_sdcard.o
    0x080040c0   0x000000a0   Code   RO          880    i.SD_ReadDisk       sdio_sdcard.o
    0x08004160   0x000002f4   Code   RO          881    i.SD_ReadMultiBlocks  sdio_sdcard.o
    0x08004454   0x00000030   Code   RO          882    i.SD_SelectDeselect  sdio_sdcard.o
    0x08004484   0x00000054   Code   RO          883    i.SD_SendStatus     sdio_sdcard.o
    0x080044d8   0x00000018   Code   RO          884    i.SD_SetDeviceMode  sdio_sdcard.o
    0x080044f0   0x00000388   Code   RO          885    i.SD_WriteBlock     sdio_sdcard.o
    0x08004878   0x000000a0   Code   RO          886    i.SD_WriteDisk      sdio_sdcard.o
    0x08004918   0x000003d0   Code   RO          887    i.SD_WriteMultiBlocks  sdio_sdcard.o
    0x08004ce8   0x000000a8   Code   RO          537    i.SPI2_IRQHandler   spi.o
    0x08004d90   0x000000d8   Code   RO          538    i.SPI2_Init         spi.o
    0x08004e68   0x00000038   Code   RO          539    i.SPI2_ReadWriteByte  spi.o
    0x08004ea0   0x00000018   Code   RO         6039    i.SPI_Cmd           stm32f4xx_spi.o
    0x08004eb8   0x00000012   Code   RO         6047    i.SPI_I2S_GetFlagStatus  stm32f4xx_spi.o
    0x08004eca   0x00000020   Code   RO         6049    i.SPI_I2S_ITConfig  stm32f4xx_spi.o
    0x08004eea   0x00000006   Code   RO         6050    i.SPI_I2S_ReceiveData  stm32f4xx_spi.o
    0x08004ef0   0x00000004   Code   RO         6051    i.SPI_I2S_SendData  stm32f4xx_spi.o
    0x08004ef4   0x0000003c   Code   RO         6052    i.SPI_Init          stm32f4xx_spi.o
    0x08004f30   0x000000a0   Code   RO         1473    i.STMFLASH_GetFlashSector  stmflash.o
    0x08004fd0   0x00000020   Code   RO         1474    i.STMFLASH_Read     stmflash.o
    0x08004ff0   0x00000006   Code   RO         1475    i.STMFLASH_ReadWord  stmflash.o
    0x08004ff6   0x00000002   PAD
    0x08004ff8   0x00000098   Code   RO         1476    i.STMFLASH_Write    stmflash.o
    0x08005090   0x00000002   Code   RO          291    i.SVC_Handler       stm32f4xx_it.o
    0x08005092   0x00000002   PAD
    0x08005094   0x0000000c   Code   RO         6203    i.SYSCFG_ETH_MediaInterfaceConfig  stm32f4xx_syscfg.o
    0x080050a0   0x00000040   Code   RO         6204    i.SYSCFG_EXTILineConfig  stm32f4xx_syscfg.o
    0x080050e0   0x000000e0   Code   RO          424    i.Save_AD_RawData_SD  ads1258.o
    0x080051c0   0x000000e0   Code   RO          425    i.Save_AD_RawData_USB  ads1258.o
    0x080052a0   0x00000018   Code   RO          426    i.Send_AD_RawData   ads1258.o
    0x080052b8   0x000000ec   Code   RO          354    i.SetSysClock       system_stm32f4xx.o
    0x080053a4   0x00000078   Code   RO         1666    i.ShowString        lcd12864.o
    0x0800541c   0x00000028   Code   RO         2931    i.SysTick_CLKSourceConfig  misc.o
    0x08005444   0x00000080   Code   RO            4    i.SystemConfiguration  main.o
    0x080054c4   0x00000068   Code   RO          356    i.SystemInit        system_stm32f4xx.o
    0x0800552c   0x00000060   Code   RO         1185    i.TIM14_Init        timer.o
    0x0800558c   0x0000008c   Code   RO         1186    i.TIM2_IRQHandler   timer.o
    0x08005618   0x0000005a   Code   RO         1187    i.TIM2_Init         timer.o
    0x08005672   0x00000002   PAD
    0x08005674   0x00000028   Code   RO         1188    i.TIM3_IRQHandler   timer.o
    0x0800569c   0x00000060   Code   RO         1189    i.TIM3_Init         timer.o
    0x080056fc   0x00000030   Code   RO         1190    i.TIM3_set          timer.o
    0x0800572c   0x00000028   Code   RO         1191    i.TIM4_IRQHandler   timer.o
    0x08005754   0x00000060   Code   RO         1192    i.TIM4_Init         timer.o
    0x080057b4   0x00000030   Code   RO         1193    i.TIM4_set          timer.o
    0x080057e4   0x0000002c   Code   RO         1194    i.TIM5_IRQHandler   timer.o
    0x08005810   0x00000060   Code   RO         1195    i.TIM5_Init         timer.o
    0x08005870   0x00000028   Code   RO         1196    i.TIM7_Enable       timer.o
    0x08005898   0x00000020   Code   RO         1197    i.TIM7_IRQHandler   timer.o
    0x080058b8   0x00000060   Code   RO         1198    i.TIM7_Init         timer.o
    0x08005918   0x00000080   Code   RO         1199    i.TIM8_TRG_COM_TIM14_IRQHandler  timer.o
    0x08005998   0x00000006   Code   RO         6266    i.TIM_ClearITPendingBit  stm32f4xx_tim.o
    0x0800599e   0x00000018   Code   RO         6271    i.TIM_Cmd           stm32f4xx_tim.o
    0x080059b6   0x00000022   Code   RO         6292    i.TIM_GetITStatus   stm32f4xx_tim.o
    0x080059d8   0x00000012   Code   RO         6296    i.TIM_ITConfig      stm32f4xx_tim.o
    0x080059ea   0x0000001c   Code   RO         1200    i.TIM_Init          timer.o
    0x08005a06   0x00000002   PAD
    0x08005a08   0x00000084   Code   RO         6343    i.TIM_TimeBaseInit  stm32f4xx_tim.o
    0x08005a8c   0x00000010   Code   RO          663    i.UART_Init         usart.o
    0x08005a9c   0x000000b4   Code   RO          664    i.USART1_Configuration  usart.o
    0x08005b50   0x000000bc   Code   RO          665    i.USART1_IRQHandler  usart.o
    0x08005c0c   0x000001e8   Code   RO          666    i.USART1_proc       usart.o
    0x08005df4   0x000000b4   Code   RO          667    i.USART2_Configuration  usart.o
    0x08005ea8   0x00000088   Code   RO          668    i.USART2_IRQHandler  usart.o
    0x08005f30   0x00000008   Code   RO          669    i.USART2_RECV_Timeout  usart.o
    0x08005f38   0x00000034   Code   RO          670    i.USART2_proc       usart.o
    0x08005f6c   0x000000b4   Code   RO          671    i.USART3_Configuration  usart.o
    0x08006020   0x00000088   Code   RO          672    i.USART3_IRQHandler  usart.o
    0x080060a8   0x00000008   Code   RO          673    i.USART3_RECV_Timeout  usart.o
    0x080060b0   0x00000034   Code   RO          674    i.USART3_proc       usart.o
    0x080060e4   0x0000001e   Code   RO         6822    i.USART_ClearITPendingBit  stm32f4xx_usart.o
    0x08006102   0x00000018   Code   RO         6825    i.USART_Cmd         stm32f4xx_usart.o
    0x0800611a   0x0000001a   Code   RO         6828    i.USART_GetFlagStatus  stm32f4xx_usart.o
    0x08006134   0x00000054   Code   RO         6829    i.USART_GetITStatus  stm32f4xx_usart.o
    0x08006188   0x0000004a   Code   RO         6831    i.USART_ITConfig    stm32f4xx_usart.o
    0x080061d2   0x00000002   PAD
    0x080061d4   0x000000d4   Code   RO         6832    i.USART_Init        stm32f4xx_usart.o
    0x080062a8   0x0000000a   Code   RO         6839    i.USART_ReceiveData  stm32f4xx_usart.o
    0x080062b2   0x00000008   Code   RO         6842    i.USART_SendData    stm32f4xx_usart.o
    0x080062ba   0x00000026   Code   RO         9711    i.USBH_Alloc_Channel  usbh_hcs.o
    0x080062e0   0x00000060   Code   RO         9764    i.USBH_BulkReceiveData  usbh_ioreq.o
    0x08006340   0x0000005e   Code   RO         9765    i.USBH_BulkSendData  usbh_ioreq.o
    0x0800639e   0x0000004c   Code   RO         9847    i.USBH_ClrFeature   usbh_stdreq.o
    0x080063ea   0x0000000c   Code   RO         9634    i.USBH_Connected    usbh_core.o
    0x080063f6   0x00000046   Code   RO         9766    i.USBH_CtlReceiveData  usbh_ioreq.o
    0x0800643c   0x00000064   Code   RO         9767    i.USBH_CtlReq       usbh_ioreq.o
    0x080064a0   0x0000006e   Code   RO         9768    i.USBH_CtlSendData  usbh_ioreq.o
    0x0800650e   0x00000042   Code   RO         9769    i.USBH_CtlSendSetup  usbh_ioreq.o
    0x08006550   0x0000001c   Code   RO         9712    i.USBH_DeAllocate_AllChannel  usbh_hcs.o
    0x0800656c   0x0000003a   Code   RO         9635    i.USBH_DeInit       usbh_core.o
    0x080065a6   0x0000000c   Code   RO         9636    i.USBH_Disconnected  usbh_core.o
    0x080065b2   0x0000002e   Code   RO         9637    i.USBH_ErrorHandle  usbh_core.o
    0x080065e0   0x0000001e   Code   RO         9713    i.USBH_Free_Channel  usbh_hcs.o
    0x080065fe   0x00000044   Code   RO         9848    i.USBH_GetDescriptor  usbh_stdreq.o
    0x08006642   0x00000028   Code   RO         9714    i.USBH_GetFreeChannel  usbh_hcs.o
    0x0800666a   0x00000012   Code   RO         9849    i.USBH_GetNextDesc  usbh_stdreq.o
    0x0800667c   0x0000005c   Code   RO         9850    i.USBH_Get_CfgDesc  usbh_stdreq.o
    0x080066d8   0x00000038   Code   RO         9851    i.USBH_Get_DevDesc  usbh_stdreq.o
    0x08006710   0x0000003c   Code   RO         9852    i.USBH_Get_StringDesc  usbh_stdreq.o
    0x0800674c   0x00000224   Code   RO         9638    i.USBH_HandleControl  usbh_core.o
    0x08006970   0x000001dc   Code   RO         9639    i.USBH_HandleEnum   usbh_core.o
    0x08006b4c   0x00000044   Code   RO         9640    i.USBH_Init         usbh_core.o
    0x08006b90   0x00000024   Code   RO        10000    i.USBH_MSC_BOTReset  usbh_msc_core.o
    0x08006bb4   0x00000060   Code   RO         9951    i.USBH_MSC_BOT_Abort  usbh_msc_bot.o
    0x08006c14   0x00000014   Code   RO        10001    i.USBH_MSC_ClassRequest  usbh_msc_core.o
    0x08006c28   0x00000080   Code   RO         9952    i.USBH_MSC_DecodeCSW  usbh_msc_bot.o
    0x08006ca8   0x00000044   Code   RO        10002    i.USBH_MSC_ErrorHandle  usbh_msc_core.o
    0x08006cec   0x0000002c   Code   RO        10003    i.USBH_MSC_GETMaxLUN  usbh_msc_core.o
    0x08006d18   0x000001a8   Code   RO        10004    i.USBH_MSC_Handle   usbh_msc_core.o
    0x08006ec0   0x00000350   Code   RO         9953    i.USBH_MSC_HandleBOTXfer  usbh_msc_bot.o
    0x08007210   0x00000044   Code   RO         9954    i.USBH_MSC_Init     usbh_msc_bot.o
    0x08007254   0x0000004c   Code   RO        10005    i.USBH_MSC_InterfaceDeInit  usbh_msc_core.o
    0x080072a0   0x000000d0   Code   RO        10006    i.USBH_MSC_InterfaceInit  usbh_msc_core.o
    0x08007370   0x000000d0   Code   RO        10061    i.USBH_MSC_ModeSense6  usbh_msc_scsi.o
    0x08007440   0x00000100   Code   RO        10062    i.USBH_MSC_Read10   usbh_msc_scsi.o
    0x08007540   0x000000dc   Code   RO        10063    i.USBH_MSC_ReadCapacity10  usbh_msc_scsi.o
    0x0800761c   0x000000e0   Code   RO        10064    i.USBH_MSC_RequestSense  usbh_msc_scsi.o
    0x080076fc   0x000000b0   Code   RO        10065    i.USBH_MSC_TestUnitReady  usbh_msc_scsi.o
    0x080077ac   0x000000e4   Code   RO        10066    i.USBH_MSC_Write10  usbh_msc_scsi.o
    0x08007890   0x00000064   Code   RO         9715    i.USBH_Modify_Channel  usbh_hcs.o
    0x080078f4   0x000000a8   Code   RO         9292    i.USBH_OTG_ISR_Handler  usb_hcd_int.o
    0x0800799c   0x0000009a   Code   RO         9716    i.USBH_Open_Channel  usbh_hcs.o
    0x08007a36   0x00000002   PAD
    0x08007a38   0x0000011c   Code   RO         9853    i.USBH_ParseCfgDesc  usbh_stdreq.o
    0x08007b54   0x00000058   Code   RO         9854    i.USBH_ParseDevDesc  usbh_stdreq.o
    0x08007bac   0x00000020   Code   RO         9855    i.USBH_ParseEPDesc  usbh_stdreq.o
    0x08007bcc   0x00000026   Code   RO         9856    i.USBH_ParseInterfaceDesc  usbh_stdreq.o
    0x08007bf2   0x00000036   Code   RO         9857    i.USBH_ParseStringDesc  usbh_stdreq.o
    0x08007c28   0x00000198   Code   RO         9641    i.USBH_Process      usbh_core.o
    0x08007dc0   0x00000006   Code   RO         9642    i.USBH_SOF          usbh_core.o
    0x08007dc6   0x00000026   Code   RO         9858    i.USBH_SetAddress   usbh_stdreq.o
    0x08007dec   0x00000026   Code   RO         9859    i.USBH_SetCfg       usbh_stdreq.o
    0x08007e12   0x00000018   Code   RO         9774    i.USBH_SubmitSetupRequest  usbh_ioreq.o
    0x08007e2a   0x00000002   PAD
    0x08007e2c   0x00000060   Code   RO        10123    i.USBH_UDISK_Read   usbh_usr.o
    0x08007e8c   0x00000010   Code   RO        10124    i.USBH_UDISK_Status  usbh_usr.o
    0x08007e9c   0x00000060   Code   RO        10125    i.USBH_UDISK_Write  usbh_usr.o
    0x08007efc   0x00000058   Code   RO        10126    i.USBH_USR_Configuration_DescAvailable  usbh_usr.o
    0x08007f54   0x0000000c   Code   RO        10127    i.USBH_USR_DeInit   usbh_usr.o
    0x08007f60   0x00000024   Code   RO        10128    i.USBH_USR_DeviceAddressAssigned  usbh_usr.o
    0x08007f84   0x00000028   Code   RO        10129    i.USBH_USR_DeviceAttached  usbh_usr.o
    0x08007fac   0x00000028   Code   RO        10130    i.USBH_USR_DeviceDisconnected  usbh_usr.o
    0x08007fd4   0x00000028   Code   RO        10131    i.USBH_USR_DeviceNotSupported  usbh_usr.o
    0x08007ffc   0x00000090   Code   RO        10132    i.USBH_USR_DeviceSpeedDetected  usbh_usr.o
    0x0800808c   0x00000044   Code   RO        10133    i.USBH_USR_Device_DescAvailable  usbh_usr.o
    0x080080d0   0x00000020   Code   RO        10134    i.USBH_USR_EnumerationDone  usbh_usr.o
    0x080080f0   0x00000078   Code   RO        10135    i.USBH_USR_Init     usbh_usr.o
    0x08008168   0x0000003c   Code   RO        10136    i.USBH_USR_MSC_Application  usbh_usr.o
    0x080081a4   0x00000028   Code   RO        10137    i.USBH_USR_Manufacturer_String  usbh_usr.o
    0x080081cc   0x00000024   Code   RO        10138    i.USBH_USR_OverCurrentDetected  usbh_usr.o
    0x080081f0   0x00000024   Code   RO        10139    i.USBH_USR_Product_String  usbh_usr.o
    0x08008214   0x00000020   Code   RO        10140    i.USBH_USR_ResetDevice  usbh_usr.o
    0x08008234   0x00000028   Code   RO        10141    i.USBH_USR_SerialNum_String  usbh_usr.o
    0x0800825c   0x00000028   Code   RO        10142    i.USBH_USR_UnrecoveredError  usbh_usr.o
    0x08008284   0x00000004   Code   RO        10143    i.USBH_USR_UserInput  usbh_usr.o
    0x08008288   0x00000038   Code   RO        10144    i.USB_Init          usbh_usr.o
    0x080082c0   0x00000002   Code   RO        10292    i.USB_OTG_BSP_ConfigVBUS  usb_bsp.o
    0x080082c2   0x00000002   Code   RO        10294    i.USB_OTG_BSP_DriveVBUS  usb_bsp.o
    0x080082c4   0x00000024   Code   RO        10295    i.USB_OTG_BSP_EnableInterrupt  usb_bsp.o
    0x080082e8   0x00000078   Code   RO        10296    i.USB_OTG_BSP_Init  usb_bsp.o
    0x08008360   0x0000000c   Code   RO        10297    i.USB_OTG_BSP_mDelay  usb_bsp.o
    0x0800836c   0x0000000c   Code   RO        10298    i.USB_OTG_BSP_uDelay  usb_bsp.o
    0x08008378   0x00000126   Code   RO         9366    i.USB_OTG_CoreInit  usb_core.o
    0x0800849e   0x000000d6   Code   RO         9367    i.USB_OTG_CoreInitHost  usb_core.o
    0x08008574   0x00000070   Code   RO         9368    i.USB_OTG_CoreReset  usb_core.o
    0x080085e4   0x00000022   Code   RO         9369    i.USB_OTG_DisableGlobalInt  usb_core.o
    0x08008606   0x0000005c   Code   RO         9370    i.USB_OTG_DriveVbus  usb_core.o
    0x08008662   0x00000034   Code   RO         9371    i.USB_OTG_EnableCommonInt  usb_core.o
    0x08008696   0x00000022   Code   RO         9372    i.USB_OTG_EnableGlobalInt  usb_core.o
    0x080086b8   0x00000074   Code   RO         9373    i.USB_OTG_EnableHostInt  usb_core.o
    0x0800872c   0x0000004c   Code   RO         9374    i.USB_OTG_FlushRxFifo  usb_core.o
    0x08008778   0x00000054   Code   RO         9375    i.USB_OTG_FlushTxFifo  usb_core.o
    0x080087cc   0x0000000c   Code   RO         9376    i.USB_OTG_GetMode   usb_core.o
    0x080087d8   0x0000005a   Code   RO         9377    i.USB_OTG_HC_DoPing  usb_core.o
    0x08008832   0x00000082   Code   RO         9378    i.USB_OTG_HC_Halt   usb_core.o
    0x080088b4   0x00000238   Code   RO         9379    i.USB_OTG_HC_Init   usb_core.o
    0x08008aec   0x000001f6   Code   RO         9380    i.USB_OTG_HC_StartXfer  usb_core.o
    0x08008ce2   0x00000018   Code   RO         9381    i.USB_OTG_InitFSLSPClkSel  usb_core.o
    0x08008cfa   0x00000010   Code   RO         9383    i.USB_OTG_IsEvenFrame  usb_core.o
    0x08008d0a   0x00000014   Code   RO         9384    i.USB_OTG_IsHostMode  usb_core.o
    0x08008d1e   0x00000010   Code   RO         9385    i.USB_OTG_ReadCoreItr  usb_core.o
    0x08008d2e   0x00000030   Code   RO         9386    i.USB_OTG_ReadHPRT0  usb_core.o
    0x08008d5e   0x00000008   Code   RO         9387    i.USB_OTG_ReadHostAllChannels_intr  usb_core.o
    0x08008d66   0x00000028   Code   RO         9389    i.USB_OTG_ReadPacket  usb_core.o
    0x08008d8e   0x00000040   Code   RO         9390    i.USB_OTG_ResetPort  usb_core.o
    0x08008dce   0x00000002   PAD
    0x08008dd0   0x000000d0   Code   RO         9391    i.USB_OTG_SelectCore  usb_core.o
    0x08008ea0   0x0000004e   Code   RO         9392    i.USB_OTG_SetCurrentMode  usb_core.o
    0x08008eee   0x00000002   PAD
    0x08008ef0   0x0000002c   Code   RO         9293    i.USB_OTG_USBH_handle_Disconnect_ISR  usb_hcd_int.o
    0x08008f1c   0x00000046   Code   RO         9294    i.USB_OTG_USBH_handle_IncompletePeriodicXfer_ISR  usb_hcd_int.o
    0x08008f62   0x00000056   Code   RO         9295    i.USB_OTG_USBH_handle_hc_ISR  usb_hcd_int.o
    0x08008fb8   0x0000042a   Code   RO         9296    i.USB_OTG_USBH_handle_hc_n_In_ISR  usb_hcd_int.o
    0x080093e2   0x000003d0   Code   RO         9297    i.USB_OTG_USBH_handle_hc_n_Out_ISR  usb_hcd_int.o
    0x080097b2   0x0000012e   Code   RO         9298    i.USB_OTG_USBH_handle_nptxfempty_ISR  usb_hcd_int.o
    0x080098e0   0x00000120   Code   RO         9299    i.USB_OTG_USBH_handle_port_ISR  usb_hcd_int.o
    0x08009a00   0x0000012e   Code   RO         9300    i.USB_OTG_USBH_handle_ptxfempty_ISR  usb_hcd_int.o
    0x08009b2e   0x00000164   Code   RO         9301    i.USB_OTG_USBH_handle_rx_qlvl_ISR  usb_hcd_int.o
    0x08009c92   0x00000002   PAD
    0x08009c94   0x0000002c   Code   RO         9302    i.USB_OTG_USBH_handle_sof_ISR  usb_hcd_int.o
    0x08009cc0   0x00000040   Code   RO         9394    i.USB_OTG_WritePacket  usb_core.o
    0x08009d00   0x00000004   Code   RO        10145    i.USH_User_App      usbh_usr.o
    0x08009d04   0x00000004   Code   RO          292    i.UsageFault_Handler  stm32f4xx_it.o
    0x08009d08   0x00000034   Code   RO         1667    i.Write_Com         lcd12864.o
    0x08009d3c   0x0000001c   Code   RO         1477    i.Write_CtrlState   stmflash.o
    0x08009d58   0x00000038   Code   RO         1668    i.Write_Data        lcd12864.o
    0x08009d90   0x0000001c   Code   RO         1478    i.Write_DeviceID    stmflash.o
    0x08009dac   0x0000001c   Code   RO         1479    i.Write_Frequent    stmflash.o
    0x08009dc8   0x0000001c   Code   RO         1480    i.Write_IPAddress   stmflash.o
    0x08009de4   0x00000020   Code   RO        10585    i.__0printf$8       mc_w.l(printf8.o)
    0x08009e04   0x00000028   Code   RO        10586    i.__0snprintf$8     mc_w.l(printf8.o)
    0x08009e2c   0x0000000e   Code   RO        10699    i.__scatterload_copy  mc_w.l(handlers.o)
    0x08009e3a   0x00000002   Code   RO        10700    i.__scatterload_null  mc_w.l(handlers.o)
    0x08009e3c   0x0000000e   Code   RO        10701    i.__scatterload_zeroinit  mc_w.l(handlers.o)
    0x08009e4a   0x00000002   PAD
    0x08009e4c   0x00000410   Code   RO        10592    i._printf_core      mc_w.l(printf8.o)
    0x0800a25c   0x00000024   Code   RO        10593    i._printf_post_padding  mc_w.l(printf8.o)
    0x0800a280   0x0000002e   Code   RO        10594    i._printf_pre_padding  mc_w.l(printf8.o)
    0x0800a2ae   0x00000016   Code   RO        10595    i._snputc           mc_w.l(printf8.o)
    0x0800a2c4   0x00000124   Code   RO          427    i.ad_DataConvert    ads1258.o
    0x0800a3e8   0x000000f4   Code   RO          428    i.ad_Data_Proc      ads1258.o
    0x0800a4dc   0x0000003c   Code   RO         1622    i.add_InitState     initstate.o
    0x0800a518   0x00000048   Code   RO          429    i.ads1258_Init      ads1258.o
    0x0800a560   0x00000014   Code   RO          430    i.ads1258_ReadData  ads1258.o
    0x0800a574   0x0000001c   Code   RO         8674    i.arp_timer         timers.o
    0x0800a590   0x000001bc   Code   RO          888    i.check_SD_Card     sdio_sdcard.o
    0x0800a74c   0x00000090   Code   RO         1823    i.check_fs          ff.o
    0x0800a7dc   0x00000014   Code   RO         1824    i.chk_chr           ff.o
    0x0800a7f0   0x00000032   Code   RO         1825    i.clmt_clust        ff.o
    0x0800a822   0x0000001a   Code   RO         1826    i.clust2sect        ff.o
    0x0800a83c   0x00000090   Code   RO         1827    i.cmp_lfn           ff.o
    0x0800a8cc   0x0000019c   Code   RO          433    i.convert_AD_RawData  ads1258.o
    0x0800aa68   0x00000012   Code   RO          889    i.convert_from_bytes_to_power_of_two  sdio_sdcard.o
    0x0800aa7a   0x000000d6   Code   RO         1828    i.create_chain      ff.o
    0x0800ab50   0x00000270   Code   RO         1829    i.create_name       ff.o
    0x0800adc0   0x00000044   Code   RO          597    i.delay_init        delay.o
    0x0800ae04   0x00000038   Code   RO          598    i.delay_ms          delay.o
    0x0800ae3c   0x0000004c   Code   RO          599    i.delay_us          delay.o
    0x0800ae88   0x0000004c   Code   RO          600    i.delay_xms         delay.o
    0x0800aed4   0x000000a8   Code   RO         7688    i.dhcp_arp_reply    dhcp.o
    0x0800af7c   0x00000198   Code   RO         7689    i.dhcp_bind         dhcp.o
    0x0800b114   0x00000038   Code   RO         7690    i.dhcp_check        dhcp.o
    0x0800b14c   0x00000044   Code   RO         7692    i.dhcp_coarse_tmr   dhcp.o
    0x0800b190   0x000002e0   Code   RO         7693    i.dhcp_create_msg   dhcp.o
    0x0800b470   0x00000084   Code   RO         7694    i.dhcp_decline      dhcp.o
    0x0800b4f4   0x00000134   Code   RO         7695    i.dhcp_delete_msg   dhcp.o
    0x0800b628   0x000000c4   Code   RO         7696    i.dhcp_discover     dhcp.o
    0x0800b6ec   0x00000044   Code   RO         7697    i.dhcp_fine_tmr     dhcp.o
    0x0800b730   0x00000078   Code   RO         7698    i.dhcp_handle_ack   dhcp.o
    0x0800b7a8   0x00000038   Code   RO         7699    i.dhcp_handle_nak   dhcp.o
    0x0800b7e0   0x0000002c   Code   RO         7700    i.dhcp_handle_offer  dhcp.o
    0x0800b80c   0x000000a0   Code   RO         7703    i.dhcp_option       dhcp.o
    0x0800b8ac   0x000000c4   Code   RO         7704    i.dhcp_option_byte  dhcp.o
    0x0800b970   0x000000f8   Code   RO         7705    i.dhcp_option_long  dhcp.o
    0x0800ba68   0x0000009c   Code   RO         7706    i.dhcp_option_short  dhcp.o
    0x0800bb04   0x00000178   Code   RO         7707    i.dhcp_option_trailer  dhcp.o
    0x0800bc7c   0x0000050e   Code   RO         7708    i.dhcp_parse_reply  dhcp.o
    0x0800c18a   0x00000002   PAD
    0x0800c18c   0x00000088   Code   RO         7709    i.dhcp_rebind       dhcp.o
    0x0800c214   0x000000a8   Code   RO         7710    i.dhcp_reboot       dhcp.o
    0x0800c2bc   0x00000180   Code   RO         7711    i.dhcp_recv         dhcp.o
    0x0800c43c   0x000000a8   Code   RO         7712    i.dhcp_release      dhcp.o
    0x0800c4e4   0x00000086   Code   RO         7713    i.dhcp_renew        dhcp.o
    0x0800c56a   0x00000002   PAD
    0x0800c56c   0x000000f4   Code   RO         7714    i.dhcp_select       dhcp.o
    0x0800c660   0x00000010   Code   RO         7715    i.dhcp_set_state    dhcp.o
    0x0800c670   0x000001a8   Code   RO         7717    i.dhcp_start        dhcp.o
    0x0800c818   0x000000f0   Code   RO         7718    i.dhcp_stop         dhcp.o
    0x0800c908   0x00000020   Code   RO         7719    i.dhcp_t1_timeout   dhcp.o
    0x0800c928   0x00000020   Code   RO         7720    i.dhcp_t2_timeout   dhcp.o
    0x0800c948   0x000000a4   Code   RO         7721    i.dhcp_timeout      dhcp.o
    0x0800c9ec   0x0000001c   Code   RO         8675    i.dhcp_timer_coarse  timers.o
    0x0800ca08   0x0000001c   Code   RO         8676    i.dhcp_timer_fine   timers.o
    0x0800ca24   0x0000005c   Code   RO         1830    i.dir_alloc         ff.o
    0x0800ca80   0x000000ea   Code   RO         1831    i.dir_find          ff.o
    0x0800cb6a   0x00000110   Code   RO         1832    i.dir_next          ff.o
    0x0800cc7a   0x0000012a   Code   RO         1834    i.dir_register      ff.o
    0x0800cda4   0x0000009e   Code   RO         1836    i.dir_sdi           ff.o
    0x0800ce42   0x0000003a   Code   RO         1754    i.disk_initialize   diskio.o
    0x0800ce7c   0x000000fc   Code   RO         1755    i.disk_ioctl        diskio.o
    0x0800cf78   0x00000070   Code   RO         1756    i.disk_read         diskio.o
    0x0800cfe8   0x00000006   Code   RO         1757    i.disk_status       diskio.o
    0x0800cfee   0x00000070   Code   RO         1758    i.disk_write        diskio.o
    0x0800d05e   0x00000002   PAD
    0x0800d060   0x000001a8   Code   RO         9141    i.etharp_arp_input  etharp.o
    0x0800d208   0x00000038   Code   RO         9142    i.etharp_cleanup_netif  etharp.o
    0x0800d240   0x000002dc   Code   RO         9144    i.etharp_find_entry  etharp.o
    0x0800d51c   0x00000040   Code   RO         9145    i.etharp_free_entry  etharp.o
    0x0800d55c   0x0000020c   Code   RO         9146    i.etharp_output     etharp.o
    0x0800d768   0x0000011c   Code   RO         9147    i.etharp_output_to_arp_index  etharp.o
    0x0800d884   0x00000268   Code   RO         9148    i.etharp_query      etharp.o
    0x0800daec   0x0000019c   Code   RO         9149    i.etharp_raw        etharp.o
    0x0800dc88   0x0000002c   Code   RO         9150    i.etharp_request    etharp.o
    0x0800dcb4   0x000000b4   Code   RO         9151    i.etharp_send_ip    etharp.o
    0x0800dd68   0x0000008c   Code   RO         9152    i.etharp_tmr        etharp.o
    0x0800ddf4   0x00000154   Code   RO         9153    i.etharp_update_arp_entry  etharp.o
    0x0800df48   0x00000148   Code   RO         9154    i.ethernet_input    etharp.o
    0x0800e090   0x000000ac   Code   RO         9236    i.ethernetif_init   ethernetif.o
    0x0800e13c   0x0000002c   Code   RO         9237    i.ethernetif_input  ethernetif.o
    0x0800e168   0x0000004a   Code   RO         2189    i.exf_getfree       exfuns.o
    0x0800e1b2   0x00000002   PAD
    0x0800e1b4   0x00000084   Code   RO         2190    i.exfuns_init       exfuns.o
    0x0800e238   0x0000007e   Code   RO         7498    i.extract_uri_parameters  httpd.o
    0x0800e2b6   0x00000024   Code   RO         1838    i.f_close           ff.o
    0x0800e2da   0x00000102   Code   RO         1840    i.f_getfree         ff.o
    0x0800e3dc   0x0000005c   Code   RO         1846    i.f_mount           ff.o
    0x0800e438   0x00000180   Code   RO         1847    i.f_open            ff.o
    0x0800e5b8   0x000000b0   Code   RO         1857    i.f_sync            ff.o
    0x0800e668   0x000001ea   Code   RO         1861    i.f_write           ff.o
    0x0800e852   0x00000002   PAD
    0x0800e854   0x000000ec   Code   RO         2239    i.fatfs_init        fatfs_api.o
    0x0800e940   0x0000007c   Code   RO         2165    i.ff_convert        cc936.o
    0x0800e9bc   0x0000000e   Code   RO         1759    i.ff_memalloc       diskio.o
    0x0800e9ca   0x0000000e   Code   RO         1760    i.ff_memfree        diskio.o
    0x0800e9d8   0x00000038   Code   RO         2166    i.ff_wtoupper       cc936.o
    0x0800ea10   0x00000388   Code   RO         1862    i.find_volume       ff.o
    0x0800ed98   0x00000080   Code   RO         1863    i.fit_lfn           ff.o
    0x0800ee18   0x00000090   Code   RO         1864    i.follow_path       ff.o
    0x0800eea8   0x00000078   Code   RO          675    i.fputc             usart.o
    0x0800ef20   0x0000000a   Code   RO         7442    i.fs_bytes_left     fs.o
    0x0800ef2a   0x0000000c   Code   RO         7443    i.fs_close          fs.o
    0x0800ef36   0x00000002   PAD
    0x0800ef38   0x00000034   Code   RO         7444    i.fs_free           fs.o
    0x0800ef6c   0x0000003c   Code   RO         7445    i.fs_malloc         fs.o
    0x0800efa8   0x0000004c   Code   RO         7446    i.fs_open           fs.o
    0x0800eff4   0x0000003e   Code   RO         7447    i.fs_read           fs.o
    0x0800f032   0x00000002   PAD
    0x0800f034   0x000000c8   Code   RO         1865    i.gen_numname       ff.o
    0x0800f0fc   0x0000001c   Code   RO         1481    i.get_FlashState    stmflash.o
    0x0800f118   0x00000030   Code   RO         1623    i.get_InitState     initstate.o
    0x0800f148   0x0000000c   Code   RO         1324    i.get_Save_Flag     exti.o
    0x0800f154   0x0000000c   Code   RO         1325    i.get_Send_Flag     exti.o
    0x0800f160   0x000000e8   Code   RO         1866    i.get_fat           ff.o
    0x0800f248   0x00000004   Code   RO         1761    i.get_fattime       diskio.o
    0x0800f24c   0x0000004a   Code   RO         1868    i.get_ldnumber      ff.o
    0x0800f296   0x00000002   PAD
    0x0800f298   0x00000160   Code   RO         7499    i.get_tag_insert    httpd.o
    0x0800f3f8   0x0000010c   Code   RO         7500    i.http_accept       httpd.o
    0x0800f504   0x00000050   Code   RO         7501    i.http_close_conn   httpd.o
    0x0800f554   0x00000012   Code   RO         7502    i.http_err          httpd.o
    0x0800f566   0x00000002   PAD
    0x0800f568   0x00000144   Code   RO         7503    i.http_find_file    httpd.o
    0x0800f6ac   0x0000005c   Code   RO         7504    i.http_get_404_file  httpd.o
    0x0800f708   0x00000158   Code   RO         7505    i.http_init_file    httpd.o
    0x0800f860   0x000001d8   Code   RO         7506    i.http_parse_request  httpd.o
    0x0800fa38   0x00000048   Code   RO         7507    i.http_poll         httpd.o
    0x0800fa80   0x00000140   Code   RO         7508    i.http_recv         httpd.o
    0x0800fbc0   0x000006a2   Code   RO         7509    i.http_send_data    httpd.o
    0x08010262   0x00000024   Code   RO         7510    i.http_sent         httpd.o
    0x08010286   0x0000001c   Code   RO         7513    i.http_state_alloc  httpd.o
    0x080102a2   0x0000002a   Code   RO         7514    i.http_state_free   httpd.o
    0x080102cc   0x000000d4   Code   RO         7515    i.http_write        httpd.o
    0x080103a0   0x00000010   Code   RO         7516    i.httpd_init        httpd.o
    0x080103b0   0x00000140   Code   RO         7517    i.httpd_init_addr   httpd.o
    0x080104f0   0x00000012   Code   RO         8843    i.icmp_dest_unreach  icmp.o
    0x08010502   0x00000002   PAD
    0x08010504   0x00000314   Code   RO         8844    i.icmp_input        icmp.o
    0x08010818   0x00000110   Code   RO         8845    i.icmp_send_response  icmp.o
    0x08010928   0x00000012   Code   RO         8846    i.icmp_time_exceeded  icmp.o
    0x0801093a   0x00000014   Code   RO         8891    i.inet_chksum       inet_chksum.o
    0x0801094e   0x00000056   Code   RO         8892    i.inet_chksum_pbuf  inet_chksum.o
    0x080109a4   0x0000004e   Code   RO         8968    i.ip4_addr_isbroadcast  ip_addr.o
    0x080109f2   0x00000002   PAD
    0x080109f4   0x00000244   Code   RO         9021    i.ip_frag           ip_frag.o
    0x08010c38   0x0000000a   Code   RO         9022    i.ip_frag_alloc_pbuf_custom_ref  ip_frag.o
    0x08010c42   0x00000002   PAD
    0x08010c44   0x00000094   Code   RO         9023    i.ip_frag_free_pbuf_custom_ref  ip_frag.o
    0x08010cd8   0x000001b8   Code   RO         8929    i.ip_input          ip.o
    0x08010e90   0x000000b8   Code   RO         8930    i.ip_output         ip.o
    0x08010f48   0x0000018c   Code   RO         8931    i.ip_output_if      ip.o
    0x080110d4   0x0000018c   Code   RO         9024    i.ip_reass          ip_frag.o
    0x08011260   0x00000318   Code   RO         9025    i.ip_reass_chain_frag_into_datagram_and_validate  ip_frag.o
    0x08011578   0x000000c0   Code   RO         9026    i.ip_reass_dequeue_datagram  ip_frag.o
    0x08011638   0x00000054   Code   RO         9027    i.ip_reass_enqueue_new_datagram  ip_frag.o
    0x0801168c   0x000001d4   Code   RO         9028    i.ip_reass_free_complete_datagram  ip_frag.o
    0x08011860   0x0000007c   Code   RO         9029    i.ip_reass_remove_oldest_datagram  ip_frag.o
    0x080118dc   0x0000001c   Code   RO         8677    i.ip_reass_timer    timers.o
    0x080118f8   0x00000034   Code   RO         9030    i.ip_reass_tmr      ip_frag.o
    0x0801192c   0x00000054   Code   RO         8932    i.ip_route          ip.o
    0x08011980   0x000000c4   Code   RO         9031    i.ipfrag_free_pbuf_custom  ip_frag.o
    0x08011a44   0x0000000c   Code   RO         1670    i.isLCDEN           lcd12864.o
    0x08011a50   0x000000a4   Code   RO         1671    i.lcd12864_GPIO_Init  lcd12864.o
    0x08011af4   0x00000020   Code   RO         1869    i.ld_clust          ff.o
    0x08011b14   0x000000a4   Code   RO         9238    i.low_level_init    ethernetif.o
    0x08011bb8   0x00000074   Code   RO         9239    i.low_level_input   ethernetif.o
    0x08011c2c   0x0000003e   Code   RO         9240    i.low_level_output  ethernetif.o
    0x08011c6a   0x00000002   PAD
    0x08011c6c   0x00000060   Code   RO         7080    i.lwip_comm_default_ip_set  lwip_comm.o
    0x08011ccc   0x00000070   Code   RO         7081    i.lwip_comm_init    lwip_comm.o
    0x08011d3c   0x00000020   Code   RO         7082    i.lwip_comm_mem_free  lwip_comm.o
    0x08011d5c   0x00000044   Code   RO         7083    i.lwip_comm_mem_malloc  lwip_comm.o
    0x08011da0   0x0000038c   Code   RO         7084    i.lwip_dhcp_process_handle  lwip_comm.o
    0x0801212c   0x0000001a   Code   RO         7658    i.lwip_htonl        def.o
    0x08012146   0x0000000c   Code   RO         7659    i.lwip_htons        def.o
    0x08012152   0x0000001c   Code   RO         7896    i.lwip_init         init.o
    0x0801216e   0x0000000c   Code   RO         7660    i.lwip_ntohl        def.o
    0x0801217a   0x0000000c   Code   RO         7661    i.lwip_ntohs        def.o
    0x08012186   0x00000002   PAD
    0x08012188   0x000000a4   Code   RO         7085    i.lwip_periodic_handle  lwip_comm.o
    0x0801222c   0x00000010   Code   RO         7086    i.lwip_pkt_handle   lwip_comm.o
    0x0801223c   0x0000005e   Code   RO         8895    i.lwip_standard_chksum  inet_chksum.o
    0x0801229a   0x00000002   PAD
    0x0801229c   0x00000060   Code   RO            5    i.main              main.o
    0x080122fc   0x00000026   Code   RO         1870    i.mem_cmp           ff.o
    0x08012322   0x0000001a   Code   RO         1871    i.mem_cpy           ff.o
    0x0801233c   0x0000014c   Code   RO         7930    i.mem_free          mem.o
    0x08012488   0x00000060   Code   RO         7931    i.mem_init          mem.o
    0x080124e8   0x00000274   Code   RO         7932    i.mem_malloc        mem.o
    0x0801275c   0x00000040   Code   RO          773    i.mem_perused       malloc.o
    0x0801279c   0x00000014   Code   RO         1872    i.mem_set           ff.o
    0x080127b0   0x000001d0   Code   RO         7933    i.mem_trim          mem.o
    0x08012980   0x000000b8   Code   RO         7973    i.memp_free         memp.o
    0x08012a38   0x00000008   Code   RO         7974    i.memp_get_memorysize  memp.o
    0x08012a40   0x00000068   Code   RO         7975    i.memp_init         memp.o
    0x08012aa8   0x000000f8   Code   RO         7976    i.memp_malloc       memp.o
    0x08012ba0   0x00000014   Code   RO         2240    i.mf_close          fatfs_api.o
    0x08012bb4   0x0000001c   Code   RO         2248    i.mf_open           fatfs_api.o
    0x08012bd0   0x00000020   Code   RO         2261    i.mf_write          fatfs_api.o
    0x08012bf0   0x00000032   Code   RO         1873    i.move_window       ff.o
    0x08012c22   0x00000002   PAD
    0x08012c24   0x00000024   Code   RO          774    i.myfree            malloc.o
    0x08012c48   0x00000028   Code   RO          775    i.mymalloc          malloc.o
    0x08012c70   0x0000006c   Code   RO          776    i.mymem_free        malloc.o
    0x08012cdc   0x00000044   Code   RO          777    i.mymem_init        malloc.o
    0x08012d20   0x000000b0   Code   RO          778    i.mymem_malloc      malloc.o
    0x08012dd0   0x00000014   Code   RO          780    i.mymemset          malloc.o
    0x08012de4   0x000000f4   Code   RO         8020    i.netif_add         netif.o
    0x08012ed8   0x00000002   Code   RO         8022    i.netif_init        netif.o
    0x08012eda   0x00000028   Code   RO         8024    i.netif_set_addr    netif.o
    0x08012f02   0x00000002   PAD
    0x08012f04   0x0000000c   Code   RO         8025    i.netif_set_default  netif.o
    0x08012f10   0x0000002a   Code   RO         8026    i.netif_set_down    netif.o
    0x08012f3a   0x0000000c   Code   RO         8027    i.netif_set_gw      netif.o
    0x08012f46   0x00000002   PAD
    0x08012f48   0x00000078   Code   RO         8028    i.netif_set_ipaddr  netif.o
    0x08012fc0   0x0000000c   Code   RO         8031    i.netif_set_netmask  netif.o
    0x08012fcc   0x00000036   Code   RO         8032    i.netif_set_up      netif.o
    0x08013002   0x00000002   PAD
    0x08013004   0x00000418   Code   RO         8114    i.pbuf_alloc        pbuf.o
    0x0801341c   0x00000108   Code   RO         8115    i.pbuf_alloced_custom  pbuf.o
    0x08013524   0x00000150   Code   RO         8116    i.pbuf_cat          pbuf.o
    0x08013674   0x00000016   Code   RO         8117    i.pbuf_chain        pbuf.o
    0x0801368a   0x00000012   Code   RO         8118    i.pbuf_clen         pbuf.o
    0x0801369c   0x00000238   Code   RO         8120    i.pbuf_copy         pbuf.o
    0x080138d4   0x00000154   Code   RO         8121    i.pbuf_copy_partial  pbuf.o
    0x08013a28   0x000001b0   Code   RO         8123    i.pbuf_free         pbuf.o
    0x08013bd8   0x00000154   Code   RO         8125    i.pbuf_header       pbuf.o
    0x08013d2c   0x000001d0   Code   RO         8128    i.pbuf_realloc      pbuf.o
    0x08013efc   0x0000000a   Code   RO         8129    i.pbuf_ref          pbuf.o
    0x08013f06   0x00000002   PAD
    0x08013f08   0x00000184   Code   RO         8131    i.pbuf_take         pbuf.o
    0x0801408c   0x000001bc   Code   RO         7934    i.plug_holes        mem.o
    0x08014248   0x00000136   Code   RO         1875    i.put_fat           ff.o
    0x0801437e   0x00000002   PAD
    0x08014380   0x00000074   Code   RO         8233    i.raw_input         raw.o
    0x080143f4   0x0000006c   Code   RO         1877    i.remove_chain      ff.o
    0x08014460   0x00000030   Code   RO         1624    i.reset_InitState   initstate.o
    0x08014490   0x0000000c   Code   RO          676    i.select_USART      usart.o
    0x0801449c   0x000000a0   Code   RO         1482    i.set_CtrlState     stmflash.o
    0x0801453c   0x00000014   Code   RO         1201    i.set_Frequent      timer.o
    0x08014550   0x0000000c   Code   RO         1326    i.set_Save_Flag     exti.o
    0x0801455c   0x0000000c   Code   RO         1327    i.set_Send_Flag     exti.o
    0x08014568   0x00000010   Code   RO         1878    i.st_clust          ff.o
    0x08014578   0x0000004a   Code   RO         7518    i.strnstr           httpd.o
    0x080145c2   0x00000020   Code   RO         1879    i.sum_sfn           ff.o
    0x080145e2   0x000000c8   Code   RO         1880    i.sync_fs           ff.o
    0x080146aa   0x0000004c   Code   RO         1881    i.sync_window       ff.o
    0x080146f6   0x00000002   PAD
    0x080146f8   0x0000000c   Code   RO         7642    i.sys_now           sys_arch.o
    0x08014704   0x0000014c   Code   RO         8680    i.sys_timeout       timers.o
    0x08014850   0x00000050   Code   RO         8681    i.sys_timeouts_init  timers.o
    0x080148a0   0x00000138   Code   RO         8293    i.tcp_abandon       tcp.o
    0x080149d8   0x0000000e   Code   RO         8294    i.tcp_abort         tcp.o
    0x080149e6   0x00000004   Code   RO         8295    i.tcp_accept        tcp.o
    0x080149ea   0x00000008   Code   RO         8296    i.tcp_accept_null   tcp.o
    0x080149f2   0x00000002   PAD
    0x080149f4   0x000000bc   Code   RO         8297    i.tcp_alloc         tcp.o
    0x08014ab0   0x00000004   Code   RO         8298    i.tcp_arg           tcp.o
    0x08014ab4   0x0000012c   Code   RO         8299    i.tcp_bind          tcp.o
    0x08014be0   0x0000008c   Code   RO         7210    i.tcp_client_connected  tcp_client_demo.o
    0x08014c6c   0x00000050   Code   RO         7211    i.tcp_client_connection_close  tcp_client_demo.o
    0x08014cbc   0x00000002   Code   RO         7212    i.tcp_client_error  tcp_client_demo.o
    0x08014cbe   0x00000002   PAD
    0x08014cc0   0x0000008c   Code   RO         7213    i.tcp_client_poll   tcp_client_demo.o
    0x08014d4c   0x00000150   Code   RO         7214    i.tcp_client_recv   tcp_client_demo.o
    0x08014e9c   0x00000056   Code   RO         7215    i.tcp_client_senddata  tcp_client_demo.o
    0x08014ef2   0x0000001e   Code   RO         7216    i.tcp_client_sent   tcp_client_demo.o
    0x08014f10   0x00000064   Code   RO         7217    i.tcp_client_set_remoteip  tcp_client_demo.o
    0x08014f74   0x00000024   Code   RO         7218    i.tcp_client_test   tcp_client_demo.o
    0x08014f98   0x0000001c   Code   RO         8300    i.tcp_close         tcp.o
    0x08014fb4   0x00000254   Code   RO         8301    i.tcp_close_shutdown  tcp.o
    0x08015208   0x000001f0   Code   RO         8302    i.tcp_connect       tcp.o
    0x080153f8   0x000000ac   Code   RO         8576    i.tcp_create_segment  tcp_out.o
    0x080154a4   0x0000002e   Code   RO         8304    i.tcp_eff_send_mss  tcp.o
    0x080154d2   0x00000002   PAD
    0x080154d4   0x00000294   Code   RO         8577    i.tcp_enqueue_flags  tcp_out.o
    0x08015768   0x000000a8   Code   RO         8305    i.tcp_err           tcp.o
    0x08015810   0x0000007c   Code   RO         8306    i.tcp_fasttmr       tcp.o
    0x0801588c   0x00000002   Code   RO         8307    i.tcp_init          tcp.o
    0x0801588e   0x00000002   PAD
    0x08015890   0x000006a4   Code   RO         8525    i.tcp_input         tcp_in.o
    0x08015f34   0x00000044   Code   RO         8578    i.tcp_keepalive     tcp_out.o
    0x08015f78   0x00000054   Code   RO         8308    i.tcp_kill_prio     tcp.o
    0x08015fcc   0x0000003c   Code   RO         8309    i.tcp_kill_timewait  tcp.o
    0x08016008   0x00000130   Code   RO         8526    i.tcp_listen_input  tcp_in.o
    0x08016138   0x00000168   Code   RO         8310    i.tcp_listen_with_backlog  tcp.o
    0x080162a0   0x0000000a   Code   RO         8311    i.tcp_new           tcp.o
    0x080162aa   0x00000002   PAD
    0x080162ac   0x00000068   Code   RO         8312    i.tcp_new_port      tcp.o
    0x08016314   0x0000001c   Code   RO         8313    i.tcp_next_iss      tcp.o
    0x08016330   0x0000028c   Code   RO         8579    i.tcp_output        tcp_out.o
    0x080165bc   0x00000120   Code   RO         8580    i.tcp_output_alloc_header  tcp_out.o
    0x080166dc   0x000000d0   Code   RO         8581    i.tcp_output_segment  tcp_out.o
    0x080167ac   0x000000b8   Code   RO         8527    i.tcp_parseopt      tcp_in.o
    0x08016864   0x00000100   Code   RO         8582    i.tcp_pbuf_prealloc  tcp_out.o
    0x08016964   0x00000040   Code   RO         8314    i.tcp_pcb_purge     tcp.o
    0x080169a4   0x00000148   Code   RO         8315    i.tcp_pcb_remove    tcp.o
    0x08016aec   0x000000a8   Code   RO         8316    i.tcp_poll          tcp.o
    0x08016b94   0x00000674   Code   RO         8528    i.tcp_process       tcp_in.o
    0x08017208   0x0000008c   Code   RO         8317    i.tcp_process_refused_data  tcp.o
    0x08017294   0x000008ec   Code   RO         8529    i.tcp_receive       tcp_in.o
    0x08017b80   0x000000a8   Code   RO         8318    i.tcp_recv          tcp.o
    0x08017c28   0x0000002e   Code   RO         8319    i.tcp_recv_null     tcp.o
    0x08017c56   0x00000002   PAD
    0x08017c58   0x00000120   Code   RO         8320    i.tcp_recved        tcp.o
    0x08017d78   0x0000005a   Code   RO         8583    i.tcp_rexmit        tcp_out.o
    0x08017dd2   0x00000070   Code   RO         8584    i.tcp_rexmit_fast   tcp_out.o
    0x08017e42   0x0000003a   Code   RO         8585    i.tcp_rexmit_rto    tcp_out.o
    0x08017e7c   0x00000120   Code   RO         8586    i.tcp_rst           tcp_out.o
    0x08017f9c   0x0000001a   Code   RO         8321    i.tcp_seg_free      tcp.o
    0x08017fb6   0x00000018   Code   RO         8322    i.tcp_segs_free     tcp.o
    0x08017fce   0x0000004e   Code   RO         8587    i.tcp_send_empty_ack  tcp_out.o
    0x0801801c   0x0000004a   Code   RO         8588    i.tcp_send_fin      tcp_out.o
    0x08018066   0x00000002   PAD
    0x08018068   0x000000a8   Code   RO         8323    i.tcp_sent          tcp.o
    0x08018110   0x00000004   Code   RO         8324    i.tcp_setprio       tcp.o
    0x08018114   0x000005c4   Code   RO         8326    i.tcp_slowtmr       tcp.o
    0x080186d8   0x00000038   Code   RO         8683    i.tcp_timer_needed  timers.o
    0x08018710   0x000000ac   Code   RO         8530    i.tcp_timewait_input  tcp_in.o
    0x080187bc   0x00000024   Code   RO         8327    i.tcp_tmr           tcp.o
    0x080187e0   0x000000dc   Code   RO         8328    i.tcp_update_rcv_ann_wnd  tcp.o
    0x080188bc   0x00000644   Code   RO         8589    i.tcp_write         tcp_out.o
    0x08018f00   0x0000017c   Code   RO         8590    i.tcp_write_checks  tcp_out.o
    0x0801907c   0x000000a4   Code   RO         8591    i.tcp_zero_window_probe  tcp_out.o
    0x08019120   0x00000038   Code   RO         8684    i.tcpip_tcp_timer   timers.o
    0x08019158   0x000000fc   Code   RO         8743    i.udp_bind          udp.o
    0x08019254   0x00000064   Code   RO         8744    i.udp_connect       udp.o
    0x080192b8   0x00000002   Code   RO         8746    i.udp_init          udp.o
    0x080192ba   0x00000002   PAD
    0x080192bc   0x00000278   Code   RO         8747    i.udp_input         udp.o
    0x08019534   0x0000001c   Code   RO         8748    i.udp_new           udp.o
    0x08019550   0x00000058   Code   RO         8749    i.udp_new_port      udp.o
    0x080195a8   0x00000006   Code   RO         8750    i.udp_recv          udp.o
    0x080195ae   0x00000002   PAD
    0x080195b0   0x00000040   Code   RO         8751    i.udp_remove        udp.o
    0x080195f0   0x00000170   Code   RO         8754    i.udp_sendto_if     udp.o
    0x08019760   0x00000036   Code   RO         1882    i.validate          ff.o
    0x08019796   0x00000002   PAD
    0x08019798   0x00000024   Data   RO          787    .constdata          malloc.o
    0x080197bc   0x0000003a   Data   RO         1884    .constdata          ff.o
    0x080197f6   0x0002acc8   Data   RO         2167    .constdata          cc936.o
    0x080444be   0x00000002   PAD
    0x080444c0   0x00019184   Data   RO         7449    .constdata          fs.o
    0x0805d644   0x00000030   Data   RO         7520    .constdata          httpd.o
    0x0805d674   0x00000028   Data   RO         7978    .constdata          memp.o
    0x0805d69c   0x00000050   Data   RO         8329    .constdata          tcp.o
    0x0805d6ec   0x00000008   Data   RO         8975    .constdata          ip_addr.o
    0x0805d6f4   0x0000000c   Data   RO         9156    .constdata          etharp.o
    0x0805d700   0x00000040   Data   RO        10695    .constdata          mc_w.l(ctype_c.o)
    0x0805d740   0x0000006a   Data   RO         7521    .conststring        httpd.o
    0x0805d7aa   0x00000002   PAD
    0x0805d7ac   0x0000008c   Data   RO         7723    .conststring        dhcp.o
    0x0805d838   0x00000075   Data   RO         8330    .conststring        tcp.o
    0x0805d8ad   0x00000003   PAD
    0x0805d8b0   0x00000055   Data   RO         8592    .conststring        tcp_out.o
    0x0805d905   0x00000003   PAD
    0x0805d908   0x00000044   Data   RO         9157    .conststring        etharp.o
    0x0805d94c   0x00000020   Data   RO        10697    Region$$Table       anon$$obj.o


    Execution Region RW_IRAM1 (Base: 0x20000000, Size: 0x0001ceb8, Max: 0x00020000, ABSOLUTE, COMPRESSED[0x000000bc])

    Base Addr    Size         Type   Attr      Idx    E Section Name        Object

    0x20000000   0x00000014   Data   RW          357    .data               system_stm32f4xx.o
    0x20000014   0x0000000c   Data   RW          435    .data               ads1258.o
    0x20000020   0x00000005   Data   RW          541    .data               spi.o
    0x20000025   0x00000001   PAD
    0x20000026   0x00000004   Data   RW          601    .data               delay.o
    0x2000002a   0x00000002   PAD
    0x2000002c   0x0000000c   Data   RW          678    .data               usart.o
    0x20000038   0x00000024   Data   RW          788    .data               malloc.o
    0x2000005c   0x00000010   Data   RW          891    .data               sdio_sdcard.o
    0x2000006c   0x00000010   Data   RW         1108    .data               lan8720.o
    0x2000007c   0x0000000e   Data   RW         1202    .data               timer.o
    0x2000008a   0x00000002   PAD
    0x2000008c   0x0000000c   Data   RW         1328    .data               exti.o
    0x20000098   0x00000004   Data   RW         1392    .data               rtc.o
    0x2000009c   0x00000003   Data   RW         1625    .data               initstate.o
    0x2000009f   0x00000004   Data   RW         1674    .data               lcd12864.o
    0x200000a3   0x00000001   PAD
    0x200000a4   0x00000002   Data   RW         1762    .data               diskio.o
    0x200000a6   0x00000002   Data   RW         1885    .data               ff.o
    0x200000a8   0x00000014   Data   RW         2195    .data               exfuns.o
    0x200000bc   0x00000010   Data   RW         2480    .data               stm32f4x7_eth.o
    0x200000cc   0x00000010   Data   RW         5171    .data               stm32f4xx_rcc.o
    0x200000dc   0x00000014   Data   RW         7088    .data               lwip_comm.o
    0x200000f0   0x00000008   Data   RW         7220    .data               tcp_client_demo.o
    0x200000f8   0x00000024   Data   RW         7522    .data               httpd.o
    0x2000011c   0x00000004   Data   RW         7724    .data               dhcp.o
    0x20000120   0x00000010   Data   RW         7935    .data               mem.o
    0x20000130   0x00000004   Data   RW         7979    .data               memp.o
    0x20000134   0x00000009   Data   RW         8033    .data               netif.o
    0x2000013d   0x00000003   PAD
    0x20000140   0x00000004   Data   RW         8239    .data               raw.o
    0x20000144   0x00000024   Data   RW         8331    .data               tcp.o
    0x20000168   0x00000020   Data   RW         8532    .data               tcp_in.o
    0x20000188   0x0000000c   Data   RW         8685    .data               timers.o
    0x20000194   0x00000008   Data   RW         8755    .data               udp.o
    0x2000019c   0x00000012   Data   RW         8933    .data               ip.o
    0x200001ae   0x00000002   PAD
    0x200001b0   0x00000006   Data   RW         9032    .data               ip_frag.o
    0x200001b6   0x00000001   Data   RW         9158    .data               etharp.o
    0x200001b7   0x00000001   PAD
    0x200001b8   0x00000012   Data   RW         9643    .data               usbh_core.o
    0x200001ca   0x00000003   Data   RW         9862    .data               usbh_stdreq.o
    0x200001cd   0x00000003   PAD
    0x200001d0   0x00000011   Data   RW         9956    .data               usbh_msc_bot.o
    0x200001e1   0x00000003   PAD
    0x200001e4   0x0000001d   Data   RW        10008    .data               usbh_msc_core.o
    0x20000201   0x00000001   Data   RW        10068    .data               usbh_msc_scsi.o
    0x20000202   0x00000002   PAD
    0x20000204   0x0000004c   Data   RW        10146    .data               usbh_usr.o
    0x20000250   0x00000630   Zero   RW            6    .bss                main.o
    0x20000880   0x000001d3   Zero   RW          434    .bss                ads1258.o
    0x20000a53   0x00000300   Zero   RW          677    .bss                usart.o
    0x20000d53   0x00000001   PAD
    0x20000d54   0x0001a900   Zero   RW          786    .bss                malloc.o
    0x2001b654   0x00000004   PAD
    0x2001b658   0x000002c0   Zero   RW          890    .bss                sdio_sdcard.o
    0x2001b918   0x00000010   Zero   RW         1483    .bss                stmflash.o
    0x2001b928   0x00000031   Zero   RW         1673    .bss                lcd12864.o
    0x2001b959   0x00000003   PAD
    0x2001b95c   0x0000000c   Zero   RW         1883    .bss                ff.o
    0x2001b968   0x00000050   Zero   RW         2192    .bss                exfuns.o
    0x2001b9b8   0x0000000c   Zero   RW         2479    .bss                stm32f4x7_eth.o
    0x2001b9c4   0x0000004c   Zero   RW         7087    .bss                lwip_comm.o
    0x2001ba10   0x000003e8   Zero   RW         7219    .bss                tcp_client_demo.o
    0x2001bdf8   0x000000f0   Zero   RW         7448    .bss                fs.o
    0x2001bee8   0x00000400   Zero   RW         7519    .bss                httpd.o
    0x2001c2e8   0x00000032   Zero   RW         7722    .bss                dhcp.o
    0x2001c31a   0x00000002   PAD
    0x2001c31c   0x00000028   Zero   RW         7977    .bss                memp.o
    0x2001c344   0x00000010   Zero   RW         8531    .bss                tcp_in.o
    0x2001c354   0x000000c8   Zero   RW         9155    .bss                etharp.o
    0x2001c41c   0x00000200   Zero   RW         9861    .bss                usbh_stdreq.o
    0x2001c61c   0x00000040   Zero   RW         9955    .bss                usbh_msc_bot.o
    0x2001c65c   0x0000004a   Zero   RW        10007    .bss                usbh_msc_core.o
    0x2001c6a6   0x00000002   PAD
    0x2001c6a8   0x00000410   Zero   RW        10067    .bss                usbh_msc_scsi.o
    0x2001cab8   0x00000400   Zero   RW          414    STACK               startup_stm32f40_41xxx.o



  Load Region LR$$.ARM.__AT_0x10000000 (Base: 0x10000000, Size: 0x00000000, Max: 0x0000f000, ABSOLUTE)

    Execution Region ER$$.ARM.__AT_0x10000000 (Base: 0x10000000, Size: 0x0000f000, Max: 0x0000f000, ABSOLUTE, UNINIT)

    Base Addr    Size         Type   Attr      Idx    E Section Name        Object

    0x10000000   0x0000f000   Zero   RW          782    .ARM.__AT_0x10000000  malloc.o



  Load Region LR$$.ARM.__AT_0x1000F000 (Base: 0x1000f000, Size: 0x00000000, Max: 0x00000f00, ABSOLUTE)

    Execution Region ER$$.ARM.__AT_0x1000F000 (Base: 0x1000f000, Size: 0x00000f00, Max: 0x00000f00, ABSOLUTE, UNINIT)

    Base Addr    Size         Type   Attr      Idx    E Section Name        Object

    0x1000f000   0x00000f00   Zero   RW          783    .ARM.__AT_0x1000F000  malloc.o



  Load Region LR$$.ARM.__AT_0x68000000 (Base: 0x68000000, Size: 0x00000000, Max: 0x00032000, ABSOLUTE)

    Execution Region ER$$.ARM.__AT_0x68000000 (Base: 0x68000000, Size: 0x00032000, Max: 0x00032000, ABSOLUTE, UNINIT)

    Base Addr    Size         Type   Attr      Idx    E Section Name        Object

    0x68000000   0x00032000   Zero   RW          784    .ARM.__AT_0x68000000  malloc.o



  Load Region LR$$.ARM.__AT_0x68032000 (Base: 0x68032000, Size: 0x00000000, Max: 0x00003200, ABSOLUTE)

    Execution Region ER$$.ARM.__AT_0x68032000 (Base: 0x68032000, Size: 0x00003200, Max: 0x00003200, ABSOLUTE, UNINIT)

    Base Addr    Size         Type   Attr      Idx    E Section Name        Object

    0x68032000   0x00003200   Zero   RW          785    .ARM.__AT_0x68032000  malloc.o


==============================================================================

Image component sizes


      Code (inc. data)   RO Data    RW Data    ZI Data      Debug   Object Name

      1512        258          0         12        467     217366   ads1258.o
       180         18     175304          0          0       2007   cc936.o
        62          0          0          0          0       2196   def.o
       276         26          0          4          0       2339   delay.o
      6932       2176        140          4         50      22920   dhcp.o
       572         12          0          2          0       6708   diskio.o
         0          0          0          0          0        688   err.o
      4144       1388         80          1        200      13988   etharp.o
       558        144          0          0          0       5716   ethernetif.o
       206         18          0         20         80       2312   exfuns.o
       444         60          0         12          0       4056   exti.o
       316        126          0          0          0       2713   fatfs_api.o
      6356         66         58          2         12      33740   ff.o
       272         16     102788          0        240       8058   fs.o
       336         40          0          0          0        688   gpio.o
      4894       1318        154         36       1024      19523   httpd.o
      1096        472          0          0          0       3778   icmp.o
         0          0          0          0          0       3836   inet.o
       200          0          0          0          0       2721   inet_chksum.o
        28          0          0          0          0       1248   init.o
       156         36          0          3          0       1988   initstate.o
      1104        288          0         18          0       7529   ip.o
        78          0          8          0          0       7234   ip_addr.o
      3042       1000          0          6          0      10612   ip_frag.o
       970         88          0         16          0      42449   lan8720.o
      1084        138          0          4         49       5820   lcd12864.o
      1832        672          0         20         76      22538   lwip_comm.o
       224          8          0          0       1584     129541   main.o
       512         60         36         36     391680       6340   malloc.o
      1964        842          0         16          0       5221   mem.o
       544        302         40          4         40       4606   memp.o
       180         24          0          0          0       2241   misc.o
       538        138          0          9          0       8175   netif.o
      4230       1886          0          0          0      10815   pbuf.o
       116         14          0          4          0       1548   raw.o
       562         10          0          4          0       4728   rtc.o
      8082        650          0         16        704      38514   sdio_sdcard.o
       440         32          0          5          0       2295   spi.o
        36          8        392          0       1024        816   startup_stm32f40_41xxx.o
      1680        148          0         16         12      51085   stm32f4x7_eth.o
       496         26          0          0          0       4484   stm32f4xx_dma.o
       200         18          0          0          0       2280   stm32f4xx_exti.o
       414         42          0          0          0       4752   stm32f4xx_flash.o
       214          0          0          0          0       1883   stm32f4xx_gpio.o
        24          0          0          0          0       3588   stm32f4xx_it.o
        12          6          0          0          0        566   stm32f4xx_pwr.o
       636         84          0         16          0       9498   stm32f4xx_rcc.o
      1642        106          0          0          0      14252   stm32f4xx_rtc.o
       208         38          0          0          0       5969   stm32f4xx_sdio.o
       144          0          0          0          0       4449   stm32f4xx_spi.o
        76         10          0          0          0       1294   stm32f4xx_syscfg.o
       214         28          0          0          0       3890   stm32f4xx_tim.o
       468          8          0          0          0       6403   stm32f4xx_usart.o
       706        120          0          0         16      23757   stmflash.o
        16          0          0          0          0        480   sys.o
        12          6          0          0          0        474   sys_arch.o
       340         32          0         20          0     209145   system_stm32f4xx.o
      6092       2216        197         36          0      33638   tcp.o
       950        170          0          8       1000       7411   tcp_client_demo.o
      6296       1190          0         32         16      16895   tcp_in.o
      5152       1476         85          0          0      15475   tcp_out.o
      1178        124          0         14          0       9386   timer.o
       636        236          0         12          0       4845   timers.o
      1540        402          0          8          0      16364   udp.o
      1756        350          0         12        768      10020   usart.o
       184          8          0          0          0       3764   usb_bsp.o
      2996         18          0          0          0      19203   usb_core.o
       202          0          0          0          0       5343   usb_hcd.o
      3702         16          0          0          0      10619   usb_hcd_int.o
      1634         42          0         18          0       9209   usbh_core.o
       390          0          0          0          0       4668   usbh_hcs.o
       560          0          0          0          0       5602   usbh_ioreq.o
      1140        100          0         17         64       6897   usbh_msc_bot.o
       876         62          0         29         74       6761   usbh_msc_core.o
      1312         88          0          1       1040       7436   usbh_msc_scsi.o
       942         14          0          3        512      10529   usbh_stdreq.o
      1192        508          0         76          0      14180   usbh_usr.o

    ----------------------------------------------------------------------
    100422      20026     279324        592     400744    1236105   Object Totals
         0          0         32          0          0          0   (incl. Generated)
       112          0         10         20         12          0   (incl. Padding)

    ----------------------------------------------------------------------

      Code (inc. data)   RO Data    RW Data    ZI Data      Debug   Library Member Name

        56          8          0          0          0         84   __0sscanf.o
        86          0          0          0          0          0   __dczerorl2.o
        28          0          0          0          0         68   _chval.o
       812          4          0          0          0        112   _scanf.o
       332          0          0          0          0         96   _scanf_int.o
       224          0          0          0          0         96   _scanf_str.o
        64          0          0          0          0         84   _sgetc.o
        40          6         64          0          0         68   ctype_c.o
         0          0          0          0          0          0   entry.o
         0          0          0          0          0          0   entry10a.o
         0          0          0          0          0          0   entry11a.o
         8          4          0          0          0          0   entry2.o
         4          0          0          0          0          0   entry5.o
         0          0          0          0          0          0   entry7b.o
         0          0          0          0          0          0   entry8b.o
         8          4          0          0          0          0   entry9a.o
        30          0          0          0          0          0   handlers.o
        36          8          0          0          0         68   init.o
        10          0          0          0          0         68   isspace_c.o
        98          0          0          0          0         84   ldiv.o
        30          0          0          0          0         68   llshl.o
        32          0          0          0          0         68   llushr.o
        26          0          0          0          0         80   memcmp.o
        36          0          0          0          0         68   memcpya.o
        36          0          0          0          0        108   memseta.o
      1216         58          0          0          0        504   printf8.o
        40          8          0          0          0         84   scanf_char.o
        24          0          0          0          0         68   strcat.o
        20          0          0          0          0         68   strchr.o
        28          0          0          0          0         76   strcmp.o
        14          0          0          0          0         68   strlen.o
        30          0          0          0          0         80   strncmp.o
        24          0          0          0          0         76   strncpy.o
        36          0          0          0          0         80   strstr.o
        98          0          0          0          0         92   uldiv.o

    ----------------------------------------------------------------------
      3530        100         64          0          0       2416   Library Totals
         4          0          0          0          0          0   (incl. Padding)

    ----------------------------------------------------------------------

      Code (inc. data)   RO Data    RW Data    ZI Data      Debug   Library Name

      3526        100         64          0          0       2416   mc_w.l

    ----------------------------------------------------------------------
      3530        100         64          0          0       2416   Library Totals

    ----------------------------------------------------------------------

==============================================================================


      Code (inc. data)   RO Data    RW Data    ZI Data      Debug   

    103952      20126     279388        592     400744    1173053   Grand Totals
    103952      20126     279388        188     400744    1173053   ELF Image Totals (compressed)
    103952      20126     279388        188          0          0   ROM Totals

==============================================================================

    Total RO  Size (Code + RO Data)               383340 ( 374.36kB)
    Total RW  Size (RW Data + ZI Data)            401336 ( 391.93kB)
    Total ROM Size (Code + RO Data + RW Data)     383528 ( 374.54kB)

==============================================================================

